ERC report (2026-09-21T16:50:57, Encoding UTF8)
Report includes: Errors, Warnings, Exclusions

***** Sheet /
[lib_symbol_issues]: Symbol 'USB_C_Receptacle_16P' not found in symbol library 'Connector'
    ; warning
    @(120.65 mm, 167.64 mm): Symbol J_USB1 [USB_C_Receptacle_16P]
[lib_symbol_mismatch]: Symbol 'TPS563201' doesn't match copy in library 'Regulator_Switching'
    ; warning
    @(209.55 mm, 127.00 mm): Symbol U3 [TPS563201]
[lib_symbol_mismatch]: Symbol 'MEE1S0505SC' doesn't match copy in library 'Converter_DCDC_Isolated'
    ; warning
    @(50.80 mm, 33.02 mm): Symbol U_ISODCDC1 [MEE1S0505SC]
[lib_symbol_mismatch]: Symbol 'THVD1450DR' doesn't match copy in library 'Interface_UART'
    ; warning
    @(107.95 mm, 88.90 mm): Symbol U_RS485_TX1 [THVD1450DR]
[lib_symbol_mismatch]: Symbol 'SM712_SOT23' doesn't match copy in library 'Diode'
    ; warning
    @(187.96 mm, 83.82 mm): Symbol D_RS485PROT1 [SM712_SOT23]
[lib_symbol_mismatch]: Symbol 'SM712_SOT23' doesn't match copy in library 'Diode'
    ; warning
    @(189.23 mm, 120.65 mm): Symbol D_RS485PROT2 [SM712_SOT23]

***** Sheet /Power/
[power_pin_not_driven]: Input Power pin not driven by any Output Power pins
    ; error
    @(46.99 mm, 55.88 mm): Symbol #PWR01 Pin 1 [Power input, Line]
[power_pin_not_driven]: Input Power pin not driven by any Output Power pins
    ; error
    @(82.55 mm, 48.26 mm): Symbol #PWR0167 Pin 1 [Power input, Line]

***** Sheet /MCU/
[power_pin_not_driven]: Input Power pin not driven by any Output Power pins
    ; error
    @(116.84 mm, 55.88 mm): Symbol #PWR070 Pin 1 [Power input, Line]

***** Sheet /RS-485/
[power_pin_not_driven]: Input Power pin not driven by any Output Power pins
    ; error
    @(35.56 mm, 25.40 mm): Symbol #PWR0133 Pin 1 [Power input, Line]

***** Sheet /Sensors & LORA/

***** Sheet /Motor Valve/
[power_pin_not_driven]: Input Power pin not driven by any Output Power pins
    ; error
    @(66.04 mm, 19.05 mm): Symbol #PWR0160 Pin 1 [Power input, Line]

 ** ERC messages: 11  Errors 5  Warnings 6

 ** Ignored checks:
    - Global label only appears once in the schematic
    - Four connection points are joined together
    - SPICE model issue
    - Assigned footprint doesn't match footprint filters
