ERC report (2026-09-21T01:03:06, Encoding UTF8)
Report includes: Errors, Warnings, Exclusions

***** Sheet /
[lib_symbol_issues]: Symbol 'USB_C_Receptacle_16P' not found in symbol library 'Connector'
    ; warning
    @(120.65 mm, 167.64 mm): Symbol J_USB1 [USB_C_Receptacle_16P]
[lib_symbol_mismatch]: Symbol 'TPS563201' doesn't match copy in library 'Regulator_Switching'
    ; warning
    @(209.55 mm, 127.00 mm): Symbol U3 [TPS563201]
[unconnected_wire_endpoint]: Unconnected wire endpoint
    ; warning
    @(240.03 mm, 107.95 mm): Vertical Wire, length 2.54 mm
[isolated_pin_label]: Label connected to only one pin
    ; warning
    @(85.09 mm, 69.85 mm): Label 'SENSOR_CH1'
[isolated_pin_label]: Label connected to only one pin
    ; warning
    @(85.09 mm, 72.39 mm): Label 'SENSOR_CH2'
[isolated_pin_label]: Label connected to only one pin
    ; warning
    @(85.09 mm, 77.47 mm): Label 'SENSOR_CH3'
[isolated_pin_label]: Label connected to only one pin
    ; warning
    @(85.09 mm, 80.01 mm): Label 'SENSOR_CH4'
[isolated_pin_label]: Label connected to only one pin
    ; warning
    @(85.09 mm, 82.55 mm): Label 'SENSOR_CH5'
[isolated_pin_label]: Label connected to only one pin
    ; warning
    @(85.09 mm, 85.09 mm): Label 'SENSOR_CH6'
[isolated_pin_label]: Label connected to only one pin
    ; warning
    @(85.09 mm, 92.71 mm): Label 'VALVE_SPI_CS'
[isolated_pin_label]: Label connected to only one pin
    ; warning
    @(85.09 mm, 95.25 mm): Label 'VALVE_SPI_MOSI'
[isolated_pin_label]: Label connected to only one pin
    ; warning
    @(85.09 mm, 97.79 mm): Label 'VALVE_SPI_SCLK'
[isolated_pin_label]: Label connected to only one pin
    ; warning
    @(85.09 mm, 100.33 mm): Label 'VALVE_SPI_MISO'
[isolated_pin_label]: Label connected to only one pin
    ; warning
    @(85.09 mm, 105.41 mm): Label 'RS485_TX'
[isolated_pin_label]: Label connected to only one pin
    ; warning
    @(85.09 mm, 107.95 mm): Label 'RS485_RX'
[isolated_pin_label]: Label connected to only one pin
    ; warning
    @(148.59 mm, 67.31 mm): Label 'LORA_UART_TX'
[isolated_pin_label]: Label connected to only one pin
    ; warning
    @(148.59 mm, 69.85 mm): Label 'LORA_UART_RX'
[isolated_pin_label]: Label connected to only one pin
    ; warning
    @(148.59 mm, 72.39 mm): Label 'net_USB_DM'
[isolated_pin_label]: Label connected to only one pin
    ; warning
    @(148.59 mm, 74.93 mm): Label 'net_USB_DP'
[isolated_pin_label]: Label connected to only one pin
    ; warning
    @(148.59 mm, 95.25 mm): Label 'RS485_DE'
[isolated_pin_label]: Label connected to only one pin
    ; warning
    @(148.59 mm, 97.79 mm): Label 'RS485_RE'
[isolated_pin_label]: Label connected to only one pin
    ; warning
    @(25.40 mm, 85.09 mm): Label 'RS485_TX'
[isolated_pin_label]: Label connected to only one pin
    ; warning
    @(25.40 mm, 87.63 mm): Label 'RS485_RE'
[isolated_pin_label]: Label connected to only one pin
    ; warning
    @(25.40 mm, 90.17 mm): Label 'RS485_DE'
[isolated_pin_label]: Label connected to only one pin
    ; warning
    @(25.40 mm, 97.79 mm): Label 'RS485_RX'
[lib_symbol_mismatch]: Symbol 'MEE1S0505SC' doesn't match copy in library 'Converter_DCDC_Isolated'
    ; warning
    @(50.80 mm, 33.02 mm): Symbol U_ISODCDC1 [MEE1S0505SC]
[lib_symbol_mismatch]: Symbol 'THVD1450DR' doesn't match copy in library 'Interface_UART'
    ; warning
    @(107.95 mm, 88.90 mm): Symbol U_RS485_TX1 [THVD1450DR]
[lib_symbol_mismatch]: Symbol 'SM712_SOT23' doesn't match copy in library 'Diode'
    ; warning
    @(187.96 mm, 83.82 mm): Symbol D_RS485PROT1 [SM712_SOT23]
[lib_symbol_mismatch]: Symbol 'SM712_SOT23' doesn't match copy in library 'Diode'
    ; warning
    @(189.23 mm, 120.65 mm): Symbol D_RS485PROT2 [SM712_SOT23]
[lib_symbol_mismatch]: Symbol 'Filter_EMI_CommonMode' doesn't match copy in library 'Device'
    ; warning
    @(198.12 mm, 68.58 mm): Symbol CMC_RS485_1 [Filter_EMI_CommonMode]
[lib_symbol_mismatch]: Symbol 'Filter_EMI_CommonMode' doesn't match copy in library 'Device'
    ; warning
    @(199.39 mm, 106.68 mm): Symbol CMC_RS485_2 [Filter_EMI_CommonMode]
[isolated_pin_label]: Label connected to only one pin
    ; warning
    @(26.67 mm, 57.15 mm): Label 'LORA_UART_RX'
[isolated_pin_label]: Label connected to only one pin
    ; warning
    @(26.67 mm, 59.69 mm): Label 'LORA_UART_TX'
[lib_symbol_mismatch]: Symbol 'D' doesn't match copy in library 'Device'
    ; warning
    @(165.10 mm, 60.96 mm): Symbol D_CLHI1 [D]
[lib_symbol_mismatch]: Symbol 'D' doesn't match copy in library 'Device'
    ; warning
    @(165.10 mm, 99.06 mm): Symbol D_CLHI2 [D]
[lib_symbol_mismatch]: Symbol 'D' doesn't match copy in library 'Device'
    ; warning
    @(165.10 mm, 137.16 mm): Symbol D_CLHI3 [D]
[lib_symbol_mismatch]: Symbol 'D' doesn't match copy in library 'Device'
    ; warning
    @(241.30 mm, 60.96 mm): Symbol D_CLHI4 [D]
[lib_symbol_mismatch]: Symbol 'D' doesn't match copy in library 'Device'
    ; warning
    @(241.30 mm, 99.06 mm): Symbol D_CLHI5 [D]
[lib_symbol_mismatch]: Symbol 'D' doesn't match copy in library 'Device'
    ; warning
    @(241.30 mm, 137.16 mm): Symbol D_CLHI6 [D]
[isolated_pin_label]: Label connected to only one pin
    ; warning
    @(172.72 mm, 25.40 mm): Label 'VALVE_SPI_CS'
[isolated_pin_label]: Label connected to only one pin
    ; warning
    @(172.72 mm, 27.94 mm): Label 'VALVE_SPI_SCLK'
[isolated_pin_label]: Label connected to only one pin
    ; warning
    @(172.72 mm, 30.48 mm): Label 'VALVE_SPI_MOSI'
[isolated_pin_label]: Label connected to only one pin
    ; warning
    @(172.72 mm, 33.02 mm): Label 'VALVE_SPI_MISO'

***** Sheet /Power/
[pin_not_connected]: Pin not connected
    ; error
    @(39.37 mm, 36.83 mm): Symbol J2 Pin 1 [Passive, Line]
[pin_not_connected]: Pin not connected
    ; error
    @(39.37 mm, 39.37 mm): Symbol J2 Pin 3 [Passive, Line]
[pin_not_connected]: Pin not connected
    ; error
    @(39.37 mm, 41.91 mm): Symbol J2 Pin 2 [Passive, Line]
[power_pin_not_driven]: Input Power pin not driven by any Output Power pins
    ; error
    @(46.99 mm, 55.88 mm): Symbol #PWR01 Pin 1 [Power input, Line]
[power_pin_not_driven]: Input Power pin not driven by any Output Power pins
    ; error
    @(82.55 mm, 48.26 mm): Symbol #PWR0167 Pin 1 [Power input, Line]
[pin_not_connected]: Pin not connected
    ; error
    @(240.03 mm, 107.95 mm): Symbol TP_3V3 Pin 1 [1, Passive, Line]

***** Sheet /MCU/
[power_pin_not_driven]: Input Power pin not driven by any Output Power pins
    ; error
    @(116.84 mm, 55.88 mm): Symbol #PWR070 Pin 1 [Power input, Line]

***** Sheet /RS-485/
[power_pin_not_driven]: Input Power pin not driven by any Output Power pins
    ; error
    @(35.56 mm, 25.40 mm): Symbol #PWR0133 Pin 1 [Power input, Line]
[pin_not_driven]: Input pin not driven by any Output pins
    ; error
    @(40.64 mm, 85.09 mm): Symbol U_ISO1 Pin 2 [INA, Input, Line]
[pin_not_driven]: Input pin not driven by any Output pins
    ; error
    @(40.64 mm, 87.63 mm): Symbol U_ISO1 Pin 3 [INB, Input, Line]
[multiple_net_names]: Both RS485_DE and RS485_RE are attached to the same items; RS485_DE will be used in the netlist
    ; warning
    @(25.40 mm, 90.17 mm): Label 'RS485_DE'
    @(25.40 mm, 87.63 mm): Label 'RS485_RE'

***** Sheet /Sensors & LORA/

***** Sheet /Motor Valve/
[power_pin_not_driven]: Input Power pin not driven by any Output Power pins
    ; error
    @(66.04 mm, 19.05 mm): Symbol #PWR0160 Pin 1 [Power input, Line]
[pin_not_driven]: Input pin not driven by any Output pins
    ; error
    @(190.50 mm, 25.40 mm): Symbol U_VALVEEXP1 Pin 11 [~{CS}, Input, Line]
[pin_not_driven]: Input pin not driven by any Output pins
    ; error
    @(190.50 mm, 27.94 mm): Symbol U_VALVEEXP1 Pin 12 [SCK, Input, Line]
[pin_not_driven]: Input pin not driven by any Output pins
    ; error
    @(190.50 mm, 30.48 mm): Symbol U_VALVEEXP1 Pin 13 [SI, Input, Line]

 ** ERC messages: 58  Errors 14  Warnings 44

 ** Ignored checks:
    - Global label only appears once in the schematic
    - Four connection points are joined together
    - SPICE model issue
    - Assigned footprint doesn't match footprint filters
