** Drc report for SWAFarmNodeV1.kicad_pcb **
** Created on 2026-09-25T17:16:16 **
** Report includes: Errors, Warnings **

** Found 10 DRC violations **
[hole_clearance]: Hole clearance violation (board setup constraints hole clearance 0.2500 mm; actual 0.1944 mm)
    Rule: board setup constraints hole; error
    @(37.2000 mm, 6.6800 mm): Pad B12 [GND] of J_USB1 on F.Cu
    @(36.8900 mm, 5.6050 mm): NPTH pad of J_USB1
[hole_clearance]: Hole clearance violation (board setup constraints hole clearance 0.2500 mm; actual 0.1944 mm)
    Rule: board setup constraints hole; error
    @(30.8000 mm, 6.6800 mm): Pad B1 [GND] of J_USB1 on F.Cu
    @(31.1100 mm, 5.6050 mm): NPTH pad of J_USB1
[hole_clearance]: Hole clearance violation (board setup constraints hole clearance 0.2500 mm; actual 0.1944 mm)
    Rule: board setup constraints hole; error
    @(37.2000 mm, 6.6800 mm): Pad A1 [GND] of J_USB1 on F.Cu
    @(36.8900 mm, 5.6050 mm): NPTH pad of J_USB1
[hole_clearance]: Hole clearance violation (board setup constraints hole clearance 0.2500 mm; actual 0.1944 mm)
    Rule: board setup constraints hole; error
    @(30.8000 mm, 6.6800 mm): Pad A12 [GND] of J_USB1 on F.Cu
    @(31.1100 mm, 5.6050 mm): NPTH pad of J_USB1
[courtyards_overlap]: Courtyards overlap
    Rule: board setup constraints courtyard; error
    @(147.0000 mm, 80.0000 mm): Footprint C_OUT2
    @(138.0000 mm, 79.0000 mm): Footprint U2
[courtyards_overlap]: Courtyards overlap
    Rule: board setup constraints courtyard; error
    @(140.0000 mm, 12.0000 mm): Footprint J_RS485_LOC1
    @(149.0000 mm, 18.0000 mm): Footprint D_RS485PROT2
[courtyards_overlap]: Courtyards overlap
    Rule: board setup constraints courtyard; error
    @(110.0000 mm, 12.0000 mm): Footprint J_RS485_IN1
    @(119.0000 mm, 18.0000 mm): Footprint D_RS485PROT1
[courtyards_overlap]: Courtyards overlap
    Rule: board setup constraints courtyard; error
    @(5.0000 mm, 141.0000 mm): Footprint MH3
    @(9.0000 mm, 149.0000 mm): Footprint J_RELAY1
[silk_over_copper]: Silkscreen clipped by solder mask
    Local override; warning
    @(146.3500 mm, 76.9400 mm): Segment of U2 on F.Silkscreen
    @(147.0000 mm, 81.4750 mm): Pad 1 [+5V] of C_OUT2 on F.Cu
[silk_over_copper]: Silkscreen clipped by solder mask
    Local override; warning
    @(146.3500 mm, 76.9400 mm): Segment of U2 on F.Silkscreen
    @(147.0000 mm, 78.5250 mm): Pad 2 [GND] of C_OUT2 on F.Cu

** Found 382 unconnected pads **
[unconnected_items]: Missing connection between items
    Local override; error
    @(103.5400 mm, 28.0000 mm): PTH pad 2 [+5V] of U_ISODCDC1
    @(100.2250 mm, 24.0000 mm): Pad 1 [+5V] of C_ISOIN1 on F.Cu
[unconnected_items]: Missing connection between items
    Local override; error
    @(103.5400 mm, 28.0000 mm): PTH pad 2 [+5V] of U_ISODCDC1
    @(97.0000 mm, 32.4750 mm): Pad 1 [+5V] of C_ISOBULK1 on F.Cu
[unconnected_items]: Missing connection between items
    Local override; error
    @(103.5400 mm, 28.0000 mm): PTH pad 2 [+5V] of U_ISODCDC1
    @(143.0800 mm, 79.0000 mm): PTH pad 3 [+5V] of U2
[unconnected_items]: Missing connection between items
    Local override; error
    @(143.0000 mm, 89.0000 mm): Pad 1 [+5V] of TP_5V1 on F.Cu
    @(147.0000 mm, 81.4750 mm): Pad 1 [+5V] of C_OUT2 on F.Cu
[unconnected_items]: Missing connection between items
    Local override; error
    @(147.0000 mm, 81.4750 mm): Pad 1 [+5V] of C_OUT2 on F.Cu
    @(143.0800 mm, 79.0000 mm): PTH pad 3 [+5V] of U2
[unconnected_items]: Missing connection between items
    Local override; error
    @(7.0000 mm, 30.0000 mm): PTH pad 1 [GND] of J_SENSOR_RET1
    @(7.0000 mm, 35.0800 mm): PTH pad 2 [GND] of J_SENSOR_RET1
[unconnected_items]: Missing connection between items
    Local override; error
    @(7.0000 mm, 35.0800 mm): PTH pad 2 [GND] of J_SENSOR_RET1
    @(7.0000 mm, 40.1600 mm): PTH pad 3 [GND] of J_SENSOR_RET1
[unconnected_items]: Missing connection between items
    Local override; error
    @(7.0000 mm, 40.1600 mm): PTH pad 3 [GND] of J_SENSOR_RET1
    @(7.0000 mm, 45.2400 mm): PTH pad 4 [GND] of J_SENSOR_RET1
[unconnected_items]: Missing connection between items
    Local override; error
    @(7.0000 mm, 45.2400 mm): PTH pad 4 [GND] of J_SENSOR_RET1
    @(7.0000 mm, 50.3200 mm): PTH pad 5 [GND] of J_SENSOR_RET1
[unconnected_items]: Missing connection between items
    Local override; error
    @(7.0000 mm, 50.3200 mm): PTH pad 5 [GND] of J_SENSOR_RET1
    @(7.0000 mm, 55.4000 mm): PTH pad 6 [GND] of J_SENSOR_RET1
[unconnected_items]: Missing connection between items
    Local override; error
    @(7.0000 mm, 55.4000 mm): PTH pad 6 [GND] of J_SENSOR_RET1
    @(33.0000 mm, 69.0875 mm): Pad 2 [GND] of R_VBOT1 on F.Cu
[unconnected_items]: Missing connection between items
    Local override; error
    @(29.6800 mm, 1.9250 mm): PTH pad SH [GND] of J_USB1
    @(29.6800 mm, 6.1050 mm): PTH pad SH [GND] of J_USB1
[unconnected_items]: Missing connection between items
    Local override; error
    @(29.6800 mm, 6.1050 mm): PTH pad SH [GND] of J_USB1
    @(30.8000 mm, 6.6800 mm): Pad A12 [GND] of J_USB1 on F.Cu
[unconnected_items]: Missing connection between items
    Local override; error
    @(30.8000 mm, 6.6800 mm): Pad A12 [GND] of J_USB1 on F.Cu
    @(29.0000 mm, 10.0875 mm): Pad 2 [GND] of R_CC1_1 on F.Cu
[unconnected_items]: Missing connection between items
    Local override; error
    @(33.0000 mm, 94.0875 mm): Pad 2 [GND] of R_VBOT4 on F.Cu
    @(37.0000 mm, 94.2250 mm): Pad 2 [GND] of C_FILT4 on F.Cu
[unconnected_items]: Missing connection between items
    Local override; error
    @(33.5400 mm, 83.0000 mm): PTH pad 2 [GND] of JP_IGND1
    @(37.0625 mm, 77.0500 mm): Pad 1 [GND] of D_CLHI1 on F.Cu
[unconnected_items]: Missing connection between items
    Local override; error
    @(33.5400 mm, 83.0000 mm): PTH pad 2 [GND] of JP_IGND1
    @(33.0000 mm, 94.0875 mm): Pad 2 [GND] of R_VBOT4 on F.Cu
[unconnected_items]: Missing connection between items
    Local override; error
    @(33.5400 mm, 108.0000 mm): PTH pad 2 [GND] of JP_IGND4
    @(37.0625 mm, 102.0500 mm): Pad 1 [GND] of D_CLHI4 on F.Cu
[unconnected_items]: Missing connection between items
    Local override; error
    @(37.0000 mm, 69.2250 mm): Pad 2 [GND] of C_FILT1 on F.Cu
    @(33.0000 mm, 69.0875 mm): Pad 2 [GND] of R_VBOT1 on F.Cu
[unconnected_items]: Missing connection between items
    Local override; error
    @(37.0000 mm, 69.2250 mm): Pad 2 [GND] of C_FILT1 on F.Cu
    @(37.0625 mm, 77.0500 mm): Pad 1 [GND] of D_CLHI1 on F.Cu
[unconnected_items]: Missing connection between items
    Local override; error
    @(37.0000 mm, 69.2250 mm): Pad 2 [GND] of C_FILT1 on F.Cu
    @(52.0000 mm, 69.0875 mm): Pad 2 [GND] of R_VBOT2 on F.Cu
[unconnected_items]: Missing connection between items
    Local override; error
    @(37.0000 mm, 94.2250 mm): Pad 2 [GND] of C_FILT4 on F.Cu
    @(37.0625 mm, 102.0500 mm): Pad 1 [GND] of D_CLHI4 on F.Cu
[unconnected_items]: Missing connection between items
    Local override; error
    @(37.2000 mm, 6.6800 mm): Pad A1 [GND] of J_USB1 on F.Cu
    @(30.8000 mm, 6.6800 mm): Pad A12 [GND] of J_USB1 on F.Cu
[unconnected_items]: Missing connection between items
    Local override; error
    @(38.0000 mm, 10.0875 mm): Pad 2 [GND] of R_CC2_1 on F.Cu
    @(37.2000 mm, 6.6800 mm): Pad A1 [GND] of J_USB1 on F.Cu
[unconnected_items]: Missing connection between items
    Local override; error
    @(38.0000 mm, 10.0875 mm): Pad 2 [GND] of R_CC2_1 on F.Cu
    @(45.5250 mm, 9.0000 mm): Pad 2 [GND] of C_BULK2 on F.Cu
[unconnected_items]: Missing connection between items
    Local override; error
    @(38.3200 mm, 1.9250 mm): PTH pad SH [GND] of J_USB1
    @(38.3200 mm, 6.1050 mm): PTH pad SH [GND] of J_USB1
[unconnected_items]: Missing connection between items
    Local override; error
    @(38.3200 mm, 6.1050 mm): PTH pad SH [GND] of J_USB1
    @(37.2000 mm, 6.6800 mm): Pad A1 [GND] of J_USB1 on F.Cu
[unconnected_items]: Missing connection between items
    Local override; error
    @(40.7750 mm, 44.0000 mm): Pad 2 [GND] of C_DEC5 on F.Cu
    @(50.7000 mm, 30.0000 mm): Pad 2 [GND] of SW_BOOT1 on F.Cu
[unconnected_items]: Missing connection between items
    Local override; error
    @(44.7000 mm, 25.0000 mm): Pad 2 [GND] of SW_RESET1 on F.Cu
    @(52.9500 mm, 14.0000 mm): Pad 2 [GND] of C_EN1 on F.Cu
[unconnected_items]: Missing connection between items
    Local override; error
    @(50.7000 mm, 30.0000 mm): Pad 2 [GND] of SW_BOOT1 on F.Cu
    @(44.7000 mm, 25.0000 mm): Pad 2 [GND] of SW_RESET1 on F.Cu
[unconnected_items]: Missing connection between items
    Local override; error
    @(51.2250 mm, 9.0000 mm): Pad 2 [GND] of C_DEC1 on F.Cu
    @(45.5250 mm, 9.0000 mm): Pad 2 [GND] of C_BULK2 on F.Cu
[unconnected_items]: Missing connection between items
    Local override; error
    @(52.0000 mm, 94.0875 mm): Pad 2 [GND] of R_VBOT5 on F.Cu
    @(52.5400 mm, 83.0000 mm): PTH pad 2 [GND] of JP_IGND2
[unconnected_items]: Missing connection between items
    Local override; error
    @(52.5400 mm, 83.0000 mm): PTH pad 2 [GND] of JP_IGND2
    @(56.0625 mm, 77.0500 mm): Pad 1 [GND] of D_CLHI2 on F.Cu
[unconnected_items]: Missing connection between items
    Local override; error
    @(52.5400 mm, 108.0000 mm): PTH pad 2 [GND] of JP_IGND5
    @(56.0625 mm, 102.0500 mm): Pad 1 [GND] of D_CLHI5 on F.Cu
[unconnected_items]: Missing connection between items
    Local override; error
    @(52.9500 mm, 14.0000 mm): Pad 2 [GND] of C_EN1 on F.Cu
    @(51.2250 mm, 9.0000 mm): Pad 2 [GND] of C_DEC1 on F.Cu
[unconnected_items]: Missing connection between items
    Local override; error
    @(56.0000 mm, 69.2250 mm): Pad 2 [GND] of C_FILT2 on F.Cu
    @(52.0000 mm, 69.0875 mm): Pad 2 [GND] of R_VBOT2 on F.Cu
[unconnected_items]: Missing connection between items
    Local override; error
    @(56.0000 mm, 69.2250 mm): Pad 2 [GND] of C_FILT2 on F.Cu
    @(71.0000 mm, 69.0875 mm): Pad 2 [GND] of R_VBOT3 on F.Cu
[unconnected_items]: Missing connection between items
    Local override; error
    @(56.0000 mm, 94.2250 mm): Pad 2 [GND] of C_FILT5 on F.Cu
    @(52.0000 mm, 94.0875 mm): Pad 2 [GND] of R_VBOT5 on F.Cu
[unconnected_items]: Missing connection between items
    Local override; error
    @(56.0000 mm, 94.2250 mm): Pad 2 [GND] of C_FILT5 on F.Cu
    @(56.0625 mm, 102.0500 mm): Pad 1 [GND] of D_CLHI5 on F.Cu
[unconnected_items]: Missing connection between items
    Local override; error
    @(56.0625 mm, 77.0500 mm): Pad 1 [GND] of D_CLHI2 on F.Cu
    @(56.0000 mm, 69.2250 mm): Pad 2 [GND] of C_FILT2 on F.Cu
[unconnected_items]: Missing connection between items
    Local override; error
    @(56.2500 mm, 7.7400 mm): Pad 1 [GND] of U_MCU1 on F.Cu
    @(51.2250 mm, 9.0000 mm): Pad 2 [GND] of C_DEC1 on F.Cu
[unconnected_items]: Missing connection between items
    Local override; error
    @(56.2500 mm, 7.7400 mm): Pad 1 [GND] of U_MCU1 on F.Cu
    @(62.8000 mm, 14.0600 mm): PTH pad 41 [GND] of U_MCU1
[unconnected_items]: Missing connection between items
    Local override; error
    @(59.7750 mm, 32.0000 mm): Pad 2 [GND] of C_DEC4 on F.Cu
    @(50.7000 mm, 30.0000 mm): Pad 2 [GND] of SW_BOOT1 on F.Cu
[unconnected_items]: Missing connection between items
    Local override; error
    @(59.7750 mm, 45.0000 mm): Pad 2 [GND] of C_DEC6 on F.Cu
    @(59.7750 mm, 32.0000 mm): Pad 2 [GND] of C_DEC4 on F.Cu
[unconnected_items]: Missing connection between items
    Local override; error
    @(59.7750 mm, 45.0000 mm): Pad 2 [GND] of C_DEC6 on F.Cu
    @(69.4600 mm, 54.4600 mm): PTH pad 2 [GND] of J_LORASMA1
[unconnected_items]: Missing connection between items
    Local override; error
    @(64.9000 mm, 14.7600 mm): PTH pad 41 [GND] of U_MCU1
    @(73.7500 mm, 7.7400 mm): Pad 40 [GND] of U_MCU1 on F.Cu
[unconnected_items]: Missing connection between items
    Local override; error
    @(69.4600 mm, 59.5400 mm): PTH pad 2 [GND] of J_LORASMA1
    @(69.4600 mm, 54.4600 mm): PTH pad 2 [GND] of J_LORASMA1
[unconnected_items]: Missing connection between items
    Local override; error
    @(69.4600 mm, 59.5400 mm): PTH pad 2 [GND] of J_LORASMA1
    @(71.0000 mm, 69.0875 mm): Pad 2 [GND] of R_VBOT3 on F.Cu
[unconnected_items]: Missing connection between items
    Local override; error
    @(71.0000 mm, 69.0875 mm): Pad 2 [GND] of R_VBOT3 on F.Cu
    @(75.0000 mm, 69.2250 mm): Pad 2 [GND] of C_FILT3 on F.Cu
[unconnected_items]: Missing connection between items
    Local override; error
    @(71.0000 mm, 94.0875 mm): Pad 2 [GND] of R_VBOT6 on F.Cu
    @(71.5400 mm, 83.0000 mm): PTH pad 2 [GND] of JP_IGND3
[unconnected_items]: Missing connection between items
    Local override; error
    @(73.7500 mm, 7.7400 mm): Pad 40 [GND] of U_MCU1 on F.Cu
    @(78.7750 mm, 13.0000 mm): Pad 2 [GND] of C_DEC2 on F.Cu
[unconnected_items]: Missing connection between items
    Local override; error
    @(74.5400 mm, 54.4600 mm): PTH pad 2 [GND] of J_LORASMA1
    @(74.5400 mm, 59.5400 mm): PTH pad 2 [GND] of J_LORASMA1
[unconnected_items]: Missing connection between items
    Local override; error
    @(74.5400 mm, 54.4600 mm): PTH pad 2 [GND] of J_LORASMA1
    @(69.4600 mm, 54.4600 mm): PTH pad 2 [GND] of J_LORASMA1
[unconnected_items]: Missing connection between items
    Local override; error
    @(75.0000 mm, 69.2250 mm): Pad 2 [GND] of C_FILT3 on F.Cu
    @(81.7750 mm, 70.0000 mm): Pad 2 [GND] of C_DEC7 on F.Cu
[unconnected_items]: Missing connection between items
    Local override; error
    @(75.0000 mm, 69.2250 mm): Pad 2 [GND] of C_FILT3 on F.Cu
    @(75.0625 mm, 77.0500 mm): Pad 1 [GND] of D_CLHI3 on F.Cu
[unconnected_items]: Missing connection between items
    Local override; error
    @(75.0000 mm, 94.2250 mm): Pad 2 [GND] of C_FILT6 on F.Cu
    @(71.0000 mm, 94.0875 mm): Pad 2 [GND] of R_VBOT6 on F.Cu
[unconnected_items]: Missing connection between items
    Local override; error
    @(75.0000 mm, 94.2250 mm): Pad 2 [GND] of C_FILT6 on F.Cu
    @(75.0625 mm, 102.0500 mm): Pad 1 [GND] of D_CLHI6 on F.Cu
[unconnected_items]: Missing connection between items
    Local override; error
    @(75.0625 mm, 77.0500 mm): Pad 1 [GND] of D_CLHI3 on F.Cu
    @(71.5400 mm, 83.0000 mm): PTH pad 2 [GND] of JP_IGND3
[unconnected_items]: Missing connection between items
    Local override; error
    @(75.0625 mm, 102.0500 mm): Pad 1 [GND] of D_CLHI6 on F.Cu
    @(71.5400 mm, 108.0000 mm): PTH pad 2 [GND] of JP_IGND6
[unconnected_items]: Missing connection between items
    Local override; error
    @(78.7750 mm, 13.0000 mm): Pad 2 [GND] of C_DEC2 on F.Cu
    @(90.0625 mm, 14.0000 mm): Pad 1 [GND] of D_PWR1 on F.Cu
[unconnected_items]: Missing connection between items
    Local override; error
    @(78.7750 mm, 27.0000 mm): Pad 2 [GND] of C_DEC3 on F.Cu
    @(83.0000 mm, 25.0800 mm): PTH pad 3 [GND] of J_PROG1
[unconnected_items]: Missing connection between items
    Local override; error
    @(78.7750 mm, 27.0000 mm): Pad 2 [GND] of C_DEC3 on F.Cu
    @(73.7000 mm, 32.0000 mm): Pad 2 [GND] of SW_SETUP1 on F.Cu
[unconnected_items]: Missing connection between items
    Local override; error
    @(80.6000 mm, 56.0000 mm): Pad 11 [GND] of U_LORA1 on F.Cu
    @(74.5400 mm, 54.4600 mm): PTH pad 2 [GND] of J_LORASMA1
[unconnected_items]: Missing connection between items
    Local override; error
    @(80.6000 mm, 56.0000 mm): Pad 11 [GND] of U_LORA1 on F.Cu
    @(88.5000 mm, 44.3500 mm): Pad 28 [GND] of U_LORA1 on F.Cu
[unconnected_items]: Missing connection between items
    Local override; error
    @(83.0000 mm, 25.0800 mm): PTH pad 3 [GND] of J_PROG1
    @(78.7750 mm, 13.0000 mm): Pad 2 [GND] of C_DEC2 on F.Cu
[unconnected_items]: Missing connection between items
    Local override; error
    @(86.7750 mm, 84.0000 mm): Pad 2 [GND] of C_DEC8 on F.Cu
    @(75.0625 mm, 77.0500 mm): Pad 1 [GND] of D_CLHI3 on F.Cu
[unconnected_items]: Missing connection between items
    Local override; error
    @(91.0625 mm, 5.0000 mm): Pad 1 [GND] of D_LINK1 on F.Cu
    @(90.0625 mm, 14.0000 mm): Pad 1 [GND] of D_PWR1 on F.Cu
[unconnected_items]: Missing connection between items
    Local override; error
    @(94.0000 mm, 94.1750 mm): Pad 2 [GND] of R_RELAY_PD2 on F.Cu
    @(97.0000 mm, 94.1750 mm): Pad 2 [GND] of R_RELAY_PD3 on F.Cu
[unconnected_items]: Missing connection between items
    Local override; error
    @(94.0000 mm, 94.1750 mm): Pad 2 [GND] of R_RELAY_PD2 on F.Cu
    @(91.0000 mm, 94.1750 mm): Pad 2 [GND] of R_RELAY_PD1 on F.Cu
[unconnected_items]: Missing connection between items
    Local override; error
    @(94.7450 mm, 86.6500 mm): Pad 15 [GND] of U_VALVEEXP1 on F.Cu
    @(96.0150 mm, 86.6500 mm): Pad 16 [GND] of U_VALVEEXP1 on F.Cu
[unconnected_items]: Missing connection between items
    Local override; error
    @(94.7450 mm, 86.6500 mm): Pad 15 [GND] of U_VALVEEXP1 on F.Cu
    @(86.7750 mm, 84.0000 mm): Pad 2 [GND] of C_DEC8 on F.Cu
[unconnected_items]: Missing connection between items
    Local override; error
    @(95.4000 mm, 47.0000 mm): Pad 23 [GND] of U_LORA1 on F.Cu
    @(100.9125 mm, 51.0000 mm): Pad 2 [GND] of R_LORABOOT1 on F.Cu
[unconnected_items]: Missing connection between items
    Local override; error
    @(95.4000 mm, 47.0000 mm): Pad 23 [GND] of U_LORA1 on F.Cu
    @(88.5000 mm, 44.3500 mm): Pad 28 [GND] of U_LORA1 on F.Cu
[unconnected_items]: Missing connection between items
    Local override; error
    @(95.4000 mm, 56.0000 mm): Pad 18 [GND] of U_LORA1 on F.Cu
    @(95.4000 mm, 57.0000 mm): Pad 17 [GND] of U_LORA1 on F.Cu
[unconnected_items]: Missing connection between items
    Local override; error
    @(95.4000 mm, 56.0000 mm): Pad 18 [GND] of U_LORA1 on F.Cu
    @(100.9125 mm, 51.0000 mm): Pad 2 [GND] of R_LORABOOT1 on F.Cu
[unconnected_items]: Missing connection between items
    Local override; error
    @(96.0150 mm, 86.6500 mm): Pad 16 [GND] of U_VALVEEXP1 on F.Cu
    @(97.2850 mm, 86.6500 mm): Pad 17 [GND] of U_VALVEEXP1 on F.Cu
[unconnected_items]: Missing connection between items
    Local override; error
    @(97.0000 mm, 29.5250 mm): Pad 2 [GND] of C_ISOBULK1 on F.Cu
    @(98.2250 mm, 39.0000 mm): Pad 2 [GND] of C_DEC10 on F.Cu
[unconnected_items]: Missing connection between items
    Local override; error
    @(97.0000 mm, 94.1750 mm): Pad 2 [GND] of R_RELAY_PD3 on F.Cu
    @(100.0000 mm, 94.1750 mm): Pad 2 [GND] of R_RELAY_PD4 on F.Cu
[unconnected_items]: Missing connection between items
    Local override; error
    @(97.0000 mm, 94.1750 mm): Pad 2 [GND] of R_RELAY_PD3 on F.Cu
    @(97.9200 mm, 98.3500 mm): Pad 9 [GND] of U_RELAY1 on F.Cu
[unconnected_items]: Missing connection between items
    Local override; error
    @(97.2850 mm, 86.6500 mm): Pad 17 [GND] of U_VALVEEXP1 on F.Cu
    @(97.0000 mm, 94.1750 mm): Pad 2 [GND] of R_RELAY_PD3 on F.Cu
[unconnected_items]: Missing connection between items
    Local override; error
    @(97.9200 mm, 98.3500 mm): Pad 9 [GND] of U_RELAY1 on F.Cu
    @(97.7750 mm, 110.0000 mm): Pad 2 [GND] of C_RELAY1 on F.Cu
[unconnected_items]: Missing connection between items
    Local override; error
    @(98.0625 mm, 5.0000 mm): Pad 1 [GND] of D_FLT1 on F.Cu
    @(91.0625 mm, 5.0000 mm): Pad 1 [GND] of D_LINK1 on F.Cu
[unconnected_items]: Missing connection between items
    Local override; error
    @(98.2250 mm, 39.0000 mm): Pad 2 [GND] of C_DEC10 on F.Cu
    @(100.2250 mm, 42.0000 mm): Pad 2 [GND] of C_DEC9 on F.Cu
[unconnected_items]: Missing connection between items
    Local override; error
    @(99.8250 mm, 77.3500 mm): Pad 10 [GND] of U_VALVEEXP1 on F.Cu
    @(97.2850 mm, 86.6500 mm): Pad 17 [GND] of U_VALVEEXP1 on F.Cu
[unconnected_items]: Missing connection between items
    Local override; error
    @(100.0000 mm, 94.1750 mm): Pad 2 [GND] of R_RELAY_PD4 on F.Cu
    @(103.0000 mm, 94.1750 mm): Pad 2 [GND] of R_RELAY_PD5 on F.Cu
[unconnected_items]: Missing connection between items
    Local override; error
    @(101.0000 mm, 28.0000 mm): PTH pad 1 [GND] of U_ISODCDC1
    @(97.0000 mm, 29.5250 mm): Pad 2 [GND] of C_ISOBULK1 on F.Cu
[unconnected_items]: Missing connection between items
    Local override; error
    @(101.0000 mm, 72.2250 mm): Pad 2 [GND] of C_EXP1 on F.Cu
    @(99.8250 mm, 77.3500 mm): Pad 10 [GND] of U_VALVEEXP1 on F.Cu
[unconnected_items]: Missing connection between items
    Local override; error
    @(101.7750 mm, 24.0000 mm): Pad 2 [GND] of C_ISOIN1 on F.Cu
    @(101.0000 mm, 28.0000 mm): PTH pad 1 [GND] of U_ISODCDC1
[unconnected_items]: Missing connection between items
    Local override; error
    @(103.0000 mm, 44.1750 mm): Pad 2 [GND] of R_RSDE1 on F.Cu
    @(100.2250 mm, 42.0000 mm): Pad 2 [GND] of C_DEC9 on F.Cu
[unconnected_items]: Missing connection between items
    Local override; error
    @(103.7750 mm, 40.0000 mm): Pad 2 [GND] of C_ISODEC1 on F.Cu
    @(100.2250 mm, 42.0000 mm): Pad 2 [GND] of C_DEC9 on F.Cu
[unconnected_items]: Missing connection between items
    Local override; error
    @(106.0000 mm, 94.1750 mm): Pad 2 [GND] of R_RELAY_PD6 on F.Cu
    @(103.0000 mm, 94.1750 mm): Pad 2 [GND] of R_RELAY_PD5 on F.Cu
[unconnected_items]: Missing connection between items
    Local override; error
    @(106.0000 mm, 94.1750 mm): Pad 2 [GND] of R_RELAY_PD6 on F.Cu
    @(109.0000 mm, 94.1750 mm): Pad 2 [GND] of R_RELAY_PD7 on F.Cu
[unconnected_items]: Missing connection between items
    Local override; error
    @(106.3500 mm, 44.3650 mm): Pad 4 [GND] of U_ISO1 on F.Cu
    @(106.3500 mm, 45.6350 mm): Pad 5 [GND] of U_ISO1 on F.Cu
[unconnected_items]: Missing connection between items
    Local override; error
    @(106.3500 mm, 44.3650 mm): Pad 4 [GND] of U_ISO1 on F.Cu
    @(103.0000 mm, 44.1750 mm): Pad 2 [GND] of R_RSDE1 on F.Cu
[unconnected_items]: Missing connection between items
    Local override; error
    @(106.3500 mm, 46.9050 mm): Pad 6 [GND] of U_ISO1 on F.Cu
    @(106.3500 mm, 45.6350 mm): Pad 5 [GND] of U_ISO1 on F.Cu
[unconnected_items]: Missing connection between items
    Local override; error
    @(106.3500 mm, 46.9050 mm): Pad 6 [GND] of U_ISO1 on F.Cu
    @(106.3500 mm, 49.4450 mm): Pad 8 [GND] of U_ISO1 on F.Cu
[unconnected_items]: Missing connection between items
    Local override; error
    @(106.3500 mm, 49.4450 mm): Pad 8 [GND] of U_ISO1 on F.Cu
    @(100.9125 mm, 51.0000 mm): Pad 2 [GND] of R_LORABOOT1 on F.Cu
[unconnected_items]: Missing connection between items
    Local override; error
    @(112.0000 mm, 94.1750 mm): Pad 2 [GND] of R_RELAY_PD8 on F.Cu
    @(109.0000 mm, 94.1750 mm): Pad 2 [GND] of R_RELAY_PD7 on F.Cu
[unconnected_items]: Missing connection between items
    Local override; error
    @(121.5000 mm, 105.0000 mm): PTH pad 2 [GND] of C_RELAYBULK1
    @(132.0000 mm, 95.5250 mm): Pad 2 [GND] of C_IN3 on F.Cu
[unconnected_items]: Missing connection between items
    Local override; error
    @(121.5000 mm, 105.0000 mm): PTH pad 2 [GND] of C_RELAYBULK1
    @(112.0000 mm, 94.1750 mm): Pad 2 [GND] of R_RELAY_PD8 on F.Cu
[unconnected_items]: Missing connection between items
    Local override; error
    @(132.0000 mm, 78.5250 mm): Pad 2 [GND] of C_IN2 on F.Cu
    @(140.5400 mm, 79.0000 mm): PTH pad 2 [GND] of U2
[unconnected_items]: Missing connection between items
    Local override; error
    @(140.5400 mm, 79.0000 mm): PTH pad 2 [GND] of U2
    @(147.0000 mm, 78.5250 mm): Pad 2 [GND] of C_OUT2 on F.Cu
[unconnected_items]: Missing connection between items
    Local override; error
    @(140.5400 mm, 79.0000 mm): PTH pad 2 [GND] of U2
    @(140.5400 mm, 96.0000 mm): PTH pad 2 [GND] of U3
[unconnected_items]: Missing connection between items
    Local override; error
    @(140.5400 mm, 96.0000 mm): PTH pad 2 [GND] of U3
    @(132.0000 mm, 95.5250 mm): Pad 2 [GND] of C_IN3 on F.Cu
[unconnected_items]: Missing connection between items
    Local override; error
    @(149.0000 mm, 95.5250 mm): Pad 2 [GND] of C_OUT3 on F.Cu
    @(140.5400 mm, 96.0000 mm): PTH pad 2 [GND] of U3
[unconnected_items]: Missing connection between items
    Local override; error
    @(154.0000 mm, 100.0875 mm): Pad 2 [GND] of R_LED2 on F.Cu
    @(149.0000 mm, 95.5250 mm): Pad 2 [GND] of C_OUT3 on F.Cu
[unconnected_items]: Missing connection between items
    Local override; error
    @(163.4750 mm, 74.0000 mm): Pad 2 [GND] of C_OUT1 on F.Cu
    @(171.0000 mm, 75.8500 mm): Pad 2 [GND] of D1 on F.Cu
[unconnected_items]: Missing connection between items
    Local override; error
    @(163.4750 mm, 74.0000 mm): Pad 2 [GND] of C_OUT1 on F.Cu
    @(164.8625 mm, 83.2750 mm): Pad 9 [GND] of U1 on F.Cu
[unconnected_items]: Missing connection between items
    Local override; error
    @(163.4750 mm, 74.0000 mm): Pad 2 [GND] of C_OUT1 on F.Cu
    @(147.0000 mm, 78.5250 mm): Pad 2 [GND] of C_OUT2 on F.Cu
[unconnected_items]: Missing connection between items
    Local override; error
    @(176.4750 mm, 84.0000 mm): Pad 2 [GND] of C_IN1 on F.Cu
    @(171.0000 mm, 75.8500 mm): Pad 2 [GND] of D1 on F.Cu
[unconnected_items]: Missing connection between items
    Local override; error
    @(182.0000 mm, 105.0000 mm): Pad 1 [GND] of TP_GND1 on F.Cu
    @(190.0000 mm, 103.0800 mm): PTH pad 2 [GND] of J_OUT1
[unconnected_items]: Missing connection between items
    Local override; error
    @(190.0000 mm, 82.0800 mm): PTH pad 2 [GND] of J1
    @(176.4750 mm, 84.0000 mm): Pad 2 [GND] of C_IN1 on F.Cu
[unconnected_items]: Missing connection between items
    Local override; error
    @(190.0000 mm, 103.0800 mm): PTH pad 2 [GND] of J_OUT1
    @(190.0000 mm, 82.0800 mm): PTH pad 2 [GND] of J1
[unconnected_items]: Missing connection between items
    Local override; error
    @(43.0875 mm, 70.0000 mm): Pad 1 [/Sensors & LORA/net_CH2_SIG] of R_SER2 on F.Cu
    @(7.0000 mm, 75.0800 mm): PTH pad 2 [/Sensors & LORA/net_CH2_SIG] of J_SENSOR_SIG1
[unconnected_items]: Missing connection between items
    Local override; error
    @(44.0000 mm, 75.0000 mm): PTH pad 1 [/Sensors & LORA/net_CH2_SIG] of JP_VBYP2
    @(43.0875 mm, 70.0000 mm): Pad 1 [/Sensors & LORA/net_CH2_SIG] of R_SER2 on F.Cu
[unconnected_items]: Missing connection between items
    Local override; error
    @(44.9125 mm, 70.0000 mm): Pad 2 [SENSOR_CH2] of R_SER2 on F.Cu
    @(46.5400 mm, 75.0000 mm): PTH pad 2 [SENSOR_CH2] of JP_VBYP2
[unconnected_items]: Missing connection between items
    Local override; error
    @(46.5400 mm, 75.0000 mm): PTH pad 2 [SENSOR_CH2] of JP_VBYP2
    @(51.0000 mm, 76.9125 mm): Pad 1 [SENSOR_CH2] of R_BURDEN2 on F.Cu
[unconnected_items]: Missing connection between items
    Local override; error
    @(51.0000 mm, 76.9125 mm): Pad 1 [SENSOR_CH2] of R_BURDEN2 on F.Cu
    @(57.9375 mm, 78.0000 mm): Pad 3 [SENSOR_CH2] of D_CLHI2 on F.Cu
[unconnected_items]: Missing connection between items
    Local override; error
    @(52.0000 mm, 70.9125 mm): Pad 1 [SENSOR_CH2] of R_VBOT2 on F.Cu
    @(51.0000 mm, 76.9125 mm): Pad 1 [SENSOR_CH2] of R_BURDEN2 on F.Cu
[unconnected_items]: Missing connection between items
    Local override; error
    @(56.0000 mm, 70.7750 mm): Pad 1 [SENSOR_CH2] of C_FILT2 on F.Cu
    @(52.0000 mm, 70.9125 mm): Pad 1 [SENSOR_CH2] of R_VBOT2 on F.Cu
[unconnected_items]: Missing connection between items
    Local override; error
    @(73.7500 mm, 10.2800 mm): Pad 38 [SENSOR_CH2] of U_MCU1 on F.Cu
    @(56.0000 mm, 70.7750 mm): Pad 1 [SENSOR_CH2] of C_FILT2 on F.Cu
[unconnected_items]: Missing connection between items
    Local override; error
    @(110.0000 mm, 12.0000 mm): PTH pad 1 [ISO_GND] of J_RS485_IN1
    @(119.0000 mm, 17.0625 mm): Pad 3 [ISO_GND] of D_RS485PROT1 on F.Cu
[unconnected_items]: Missing connection between items
    Local override; error
    @(113.7000 mm, 28.0000 mm): PTH pad 6 [ISO_GND] of U_ISODCDC1
    @(120.0000 mm, 28.5250 mm): Pad 2 [ISO_GND] of C_ISOBULK2 on F.Cu
[unconnected_items]: Missing connection between items
    Local override; error
    @(115.6500 mm, 49.4450 mm): Pad 9 [ISO_GND] of U_ISO1 on F.Cu
    @(122.0000 mm, 43.1750 mm): Pad 2 [ISO_GND] of R_ISODE1 on F.Cu
[unconnected_items]: Missing connection between items
    Local override; error
    @(119.0000 mm, 17.0625 mm): Pad 3 [ISO_GND] of D_RS485PROT1 on F.Cu
    @(130.3200 mm, 12.0000 mm): PTH pad 5 [ISO_GND] of J_RS485_IN1
[unconnected_items]: Missing connection between items
    Local override; error
    @(120.0000 mm, 28.5250 mm): Pad 2 [ISO_GND] of C_ISOBULK2 on F.Cu
    @(119.0000 mm, 17.0625 mm): Pad 3 [ISO_GND] of D_RS485PROT1 on F.Cu
[unconnected_items]: Missing connection between items
    Local override; error
    @(120.0000 mm, 28.5250 mm): Pad 2 [ISO_GND] of C_ISOBULK2 on F.Cu
    @(118.7250 mm, 40.0000 mm): Pad 2 [ISO_GND] of C_ISOOUT1 on F.Cu
[unconnected_items]: Missing connection between items
    Local override; error
    @(122.0000 mm, 43.1750 mm): Pad 2 [ISO_GND] of R_ISODE1 on F.Cu
    @(118.7250 mm, 40.0000 mm): Pad 2 [ISO_GND] of C_ISOOUT1 on F.Cu
[unconnected_items]: Missing connection between items
    Local override; error
    @(132.4750 mm, 44.9050 mm): Pad 5 [ISO_GND] of U_RS485_TX1 on F.Cu
    @(136.2250 mm, 40.0000 mm): Pad 2 [ISO_GND] of C_RSDEC1 on F.Cu
[unconnected_items]: Missing connection between items
    Local override; error
    @(132.4750 mm, 44.9050 mm): Pad 5 [ISO_GND] of U_RS485_TX1 on F.Cu
    @(140.9125 mm, 48.0000 mm): Pad 2 [ISO_GND] of R_BIASB1 on F.Cu
[unconnected_items]: Missing connection between items
    Local override; error
    @(132.4750 mm, 44.9050 mm): Pad 5 [ISO_GND] of U_RS485_TX1 on F.Cu
    @(122.0000 mm, 43.1750 mm): Pad 2 [ISO_GND] of R_ISODE1 on F.Cu
[unconnected_items]: Missing connection between items
    Local override; error
    @(140.0000 mm, 12.0000 mm): PTH pad 1 [ISO_GND] of J_RS485_LOC1
    @(130.3200 mm, 12.0000 mm): PTH pad 5 [ISO_GND] of J_RS485_IN1
[unconnected_items]: Missing connection between items
    Local override; error
    @(140.0000 mm, 12.0000 mm): PTH pad 1 [ISO_GND] of J_RS485_LOC1
    @(149.0000 mm, 17.0625 mm): Pad 3 [ISO_GND] of D_RS485PROT2 on F.Cu
[unconnected_items]: Missing connection between items
    Local override; error
    @(149.0000 mm, 17.0625 mm): Pad 3 [ISO_GND] of D_RS485PROT2 on F.Cu
    @(151.0000 mm, 30.0000 mm): Pad 1 [ISO_GND] of TP_ISOGND1 on F.Cu
[unconnected_items]: Missing connection between items
    Local override; error
    @(160.3200 mm, 12.0000 mm): PTH pad 5 [ISO_GND] of J_RS485_LOC1
    @(149.0000 mm, 17.0625 mm): Pad 3 [ISO_GND] of D_RS485PROT2 on F.Cu
[unconnected_items]: Missing connection between items
    Local override; error
    @(170.0000 mm, 16.0000 mm): PTH pad 1 [ISO_GND] of J_RS485_OUT1
    @(160.3200 mm, 12.0000 mm): PTH pad 5 [ISO_GND] of J_RS485_LOC1
[unconnected_items]: Missing connection between items
    Local override; error
    @(190.3200 mm, 16.0000 mm): PTH pad 5 [ISO_GND] of J_RS485_OUT1
    @(170.0000 mm, 16.0000 mm): PTH pad 1 [ISO_GND] of J_RS485_OUT1
[unconnected_items]: Missing connection between items
    Local override; error
    @(124.5000 mm, 23.3500 mm): Pad 2 [/RS-485/net_MAIN_A] of CMC_RS485_1 on F.Cu
    @(132.4750 mm, 43.6350 mm): Pad 6 [/RS-485/net_MAIN_A] of U_RS485_TX1 on F.Cu
[unconnected_items]: Missing connection between items
    Local override; error
    @(132.4750 mm, 43.6350 mm): Pad 6 [/RS-485/net_MAIN_A] of U_RS485_TX1 on F.Cu
    @(140.9125 mm, 44.0000 mm): Pad 2 [/RS-485/net_MAIN_A] of R_BIASA1 on F.Cu
[unconnected_items]: Missing connection between items
    Local override; error
    @(140.9125 mm, 44.0000 mm): Pad 2 [/RS-485/net_MAIN_A] of R_BIASA1 on F.Cu
    @(139.0000 mm, 52.9125 mm): Pad 1 [/RS-485/net_MAIN_A] of R_TERM1 on F.Cu
[unconnected_items]: Missing connection between items
    Local override; error
    @(154.5000 mm, 23.3500 mm): Pad 2 [/RS-485/net_MAIN_A] of CMC_RS485_2 on F.Cu
    @(140.9125 mm, 44.0000 mm): Pad 2 [/RS-485/net_MAIN_A] of R_BIASA1 on F.Cu
[unconnected_items]: Missing connection between items
    Local override; error
    @(175.0800 mm, 16.0000 mm): PTH pad 2 [/RS-485/net_MAIN_A] of J_RS485_OUT1
    @(154.5000 mm, 23.3500 mm): Pad 2 [/RS-485/net_MAIN_A] of CMC_RS485_2 on F.Cu
[unconnected_items]: Missing connection between items
    Local override; error
    @(123.5000 mm, 23.3500 mm): Pad 3 [/RS-485/net_MAIN_B] of CMC_RS485_1 on F.Cu
    @(132.4750 mm, 42.3650 mm): Pad 7 [/RS-485/net_MAIN_B] of U_RS485_TX1 on F.Cu
[unconnected_items]: Missing connection between items
    Local override; error
    @(132.4750 mm, 42.3650 mm): Pad 7 [/RS-485/net_MAIN_B] of U_RS485_TX1 on F.Cu
    @(139.0875 mm, 48.0000 mm): Pad 1 [/RS-485/net_MAIN_B] of R_BIASB1 on F.Cu
[unconnected_items]: Missing connection between items
    Local override; error
    @(139.0875 mm, 48.0000 mm): Pad 1 [/RS-485/net_MAIN_B] of R_BIASB1 on F.Cu
    @(139.0000 mm, 51.0875 mm): Pad 2 [/RS-485/net_MAIN_B] of R_TERM1 on F.Cu
[unconnected_items]: Missing connection between items
    Local override; error
    @(153.5000 mm, 23.3500 mm): Pad 3 [/RS-485/net_MAIN_B] of CMC_RS485_2 on F.Cu
    @(132.4750 mm, 42.3650 mm): Pad 7 [/RS-485/net_MAIN_B] of U_RS485_TX1 on F.Cu
[unconnected_items]: Missing connection between items
    Local override; error
    @(180.1600 mm, 16.0000 mm): PTH pad 3 [/RS-485/net_MAIN_B] of J_RS485_OUT1
    @(153.5000 mm, 23.3500 mm): Pad 3 [/RS-485/net_MAIN_B] of CMC_RS485_2 on F.Cu
[unconnected_items]: Missing connection between items
    Local override; error
    @(24.0875 mm, 70.0000 mm): Pad 1 [/Sensors & LORA/net_CH1_SIG] of R_SER1 on F.Cu
    @(7.0000 mm, 70.0000 mm): PTH pad 1 [/Sensors & LORA/net_CH1_SIG] of J_SENSOR_SIG1
[unconnected_items]: Missing connection between items
    Local override; error
    @(25.0000 mm, 75.0000 mm): PTH pad 1 [/Sensors & LORA/net_CH1_SIG] of JP_VBYP1
    @(24.0875 mm, 70.0000 mm): Pad 1 [/Sensors & LORA/net_CH1_SIG] of R_SER1 on F.Cu
[unconnected_items]: Missing connection between items
    Local override; error
    @(62.0875 mm, 70.0000 mm): Pad 1 [/Sensors & LORA/net_CH3_SIG] of R_SER3 on F.Cu
    @(7.0000 mm, 80.1600 mm): PTH pad 3 [/Sensors & LORA/net_CH3_SIG] of J_SENSOR_SIG1
[unconnected_items]: Missing connection between items
    Local override; error
    @(63.0000 mm, 75.0000 mm): PTH pad 1 [/Sensors & LORA/net_CH3_SIG] of JP_VBYP3
    @(62.0875 mm, 70.0000 mm): Pad 1 [/Sensors & LORA/net_CH3_SIG] of R_SER3 on F.Cu
[unconnected_items]: Missing connection between items
    Local override; error
    @(24.0875 mm, 95.0000 mm): Pad 1 [/Sensors & LORA/net_CH4_SIG] of R_SER4 on F.Cu
    @(7.0000 mm, 85.2400 mm): PTH pad 4 [/Sensors & LORA/net_CH4_SIG] of J_SENSOR_SIG1
[unconnected_items]: Missing connection between items
    Local override; error
    @(25.0000 mm, 100.0000 mm): PTH pad 1 [/Sensors & LORA/net_CH4_SIG] of JP_VBYP4
    @(24.0875 mm, 95.0000 mm): Pad 1 [/Sensors & LORA/net_CH4_SIG] of R_SER4 on F.Cu
[unconnected_items]: Missing connection between items
    Local override; error
    @(43.0875 mm, 95.0000 mm): Pad 1 [/Sensors & LORA/net_CH5_SIG] of R_SER5 on F.Cu
    @(7.0000 mm, 90.3200 mm): PTH pad 5 [/Sensors & LORA/net_CH5_SIG] of J_SENSOR_SIG1
[unconnected_items]: Missing connection between items
    Local override; error
    @(44.0000 mm, 100.0000 mm): PTH pad 1 [/Sensors & LORA/net_CH5_SIG] of JP_VBYP5
    @(43.0875 mm, 95.0000 mm): Pad 1 [/Sensors & LORA/net_CH5_SIG] of R_SER5 on F.Cu
[unconnected_items]: Missing connection between items
    Local override; error
    @(62.0875 mm, 95.0000 mm): Pad 1 [/Sensors & LORA/net_CH6_SIG] of R_SER6 on F.Cu
    @(7.0000 mm, 95.4000 mm): PTH pad 6 [/Sensors & LORA/net_CH6_SIG] of J_SENSOR_SIG1
[unconnected_items]: Missing connection between items
    Local override; error
    @(63.0000 mm, 100.0000 mm): PTH pad 1 [/Sensors & LORA/net_CH6_SIG] of JP_VBYP6
    @(62.0875 mm, 95.0000 mm): Pad 1 [/Sensors & LORA/net_CH6_SIG] of R_SER6 on F.Cu
[unconnected_items]: Missing connection between items
    Local override; error
    @(99.0875 mm, 51.0000 mm): Pad 1 [/Sensors & LORA/net_LORA_BOOT0] of R_LORABOOT1 on F.Cu
    @(95.4000 mm, 49.0000 mm): Pad 21 [/Sensors & LORA/net_LORA_BOOT0] of U_LORA1 on F.Cu
[unconnected_items]: Missing connection between items
    Local override; error
    @(104.0000 mm, 55.0000 mm): Pad 1 [/Sensors & LORA/net_LORA_BOOT0] of TP_LORABOOT1 on F.Cu
    @(99.0875 mm, 51.0000 mm): Pad 1 [/Sensors & LORA/net_LORA_BOOT0] of R_LORABOOT1 on F.Cu
[unconnected_items]: Missing connection between items
    Local override; error
    @(162.0000 mm, 96.0000 mm): Pad 1 [/Power/EF_IMON] of TP_IMON1 on F.Cu
    @(166.0000 mm, 91.9125 mm): Pad 1 [/Power/EF_IMON] of R_IMON1 on F.Cu
[unconnected_items]: Missing connection between items
    Local override; error
    @(166.0000 mm, 91.9125 mm): Pad 1 [/Power/EF_IMON] of R_IMON1 on F.Cu
    @(164.8625 mm, 82.6250 mm): Pad 10 [/Power/EF_IMON] of U1 on F.Cu
[unconnected_items]: Missing connection between items
    Local override; error
    @(32.2500 mm, 6.6800 mm): Pad B5 [/Power/net_CC2] of J_USB1 on F.Cu
    @(38.0000 mm, 11.9125 mm): Pad 1 [/Power/net_CC2] of R_CC2_1 on F.Cu
[unconnected_items]: Missing connection between items
    Local override; error
    @(132.0000 mm, 81.4750 mm): Pad 1 [12V_SW] of C_IN2 on F.Cu
    @(138.0000 mm, 96.0000 mm): PTH pad 1 [12V_SW] of U3
[unconnected_items]: Missing connection between items
    Local override; error
    @(138.0000 mm, 79.0000 mm): PTH pad 1 [12V_SW] of U2
    @(132.0000 mm, 81.4750 mm): Pad 1 [12V_SW] of C_IN2 on F.Cu
[unconnected_items]: Missing connection between items
    Local override; error
    @(138.0000 mm, 96.0000 mm): PTH pad 1 [12V_SW] of U3
    @(132.0000 mm, 98.4750 mm): Pad 1 [12V_SW] of C_IN3 on F.Cu
[unconnected_items]: Missing connection between items
    Local override; error
    @(160.5250 mm, 74.0000 mm): Pad 1 [12V_SW] of C_OUT1 on F.Cu
    @(138.0000 mm, 79.0000 mm): PTH pad 1 [12V_SW] of U2
[unconnected_items]: Missing connection between items
    Local override; error
    @(164.8625 mm, 78.7250 mm): Pad 16 [12V_SW] of U1 on F.Cu
    @(160.5250 mm, 74.0000 mm): Pad 1 [12V_SW] of C_OUT1 on F.Cu
[unconnected_items]: Missing connection between items
    Local override; error
    @(164.8625 mm, 78.7250 mm): Pad 16 [12V_SW] of U1 on F.Cu
    @(170.0875 mm, 73.0000 mm): Pad 1 [12V_SW] of R_FLT1 on F.Cu
[unconnected_items]: Missing connection between items
    Local override; error
    @(164.8625 mm, 79.3750 mm): Pad 15 [12V_SW] of U1 on F.Cu
    @(164.8625 mm, 78.7250 mm): Pad 16 [12V_SW] of U1 on F.Cu
[unconnected_items]: Missing connection between items
    Local override; error
    @(178.0000 mm, 92.0000 mm): Pad 1 [12V_SW] of TP_12V_SW1 on F.Cu
    @(164.5450 mm, 104.0000 mm): Pad 1 [12V_SW] of F2 on F.Cu
[unconnected_items]: Missing connection between items
    Local override; error
    @(178.0000 mm, 92.0000 mm): Pad 1 [12V_SW] of TP_12V_SW1 on F.Cu
    @(164.8625 mm, 79.3750 mm): Pad 15 [12V_SW] of U1 on F.Cu
[unconnected_items]: Missing connection between items
    Local override; error
    @(190.0000 mm, 98.0000 mm): PTH pad 1 [12V_SW] of J_OUT1
    @(178.0000 mm, 92.0000 mm): Pad 1 [12V_SW] of TP_12V_SW1 on F.Cu
[unconnected_items]: Missing connection between items
    Local override; error
    @(17.6200 mm, 118.0000 mm): PTH pad 5 [+12V] of K1
    @(41.6200 mm, 118.0000 mm): PTH pad 5 [+12V] of K2
[unconnected_items]: Missing connection between items
    Local override; error
    @(41.6200 mm, 118.0000 mm): PTH pad 5 [+12V] of K2
    @(65.6200 mm, 118.0000 mm): PTH pad 5 [+12V] of K3
[unconnected_items]: Missing connection between items
    Local override; error
    @(65.6200 mm, 118.0000 mm): PTH pad 5 [+12V] of K3
    @(89.6200 mm, 118.0000 mm): PTH pad 5 [+12V] of K4
[unconnected_items]: Missing connection between items
    Local override; error
    @(89.6200 mm, 118.0000 mm): PTH pad 5 [+12V] of K4
    @(96.2250 mm, 110.0000 mm): Pad 1 [+12V] of C_RELAY1 on F.Cu
[unconnected_items]: Missing connection between items
    Local override; error
    @(97.9200 mm, 107.6500 mm): Pad 10 [+12V] of U_RELAY1 on F.Cu
    @(96.2250 mm, 110.0000 mm): Pad 1 [+12V] of C_RELAY1 on F.Cu
[unconnected_items]: Missing connection between items
    Local override; error
    @(113.6200 mm, 118.0000 mm): PTH pad 5 [+12V] of K5
    @(97.9200 mm, 107.6500 mm): Pad 10 [+12V] of U_RELAY1 on F.Cu
[unconnected_items]: Missing connection between items
    Local override; error
    @(119.0000 mm, 105.0000 mm): PTH pad 1 [+12V] of C_RELAYBULK1
    @(113.6200 mm, 118.0000 mm): PTH pad 5 [+12V] of K5
[unconnected_items]: Missing connection between items
    Local override; error
    @(137.6200 mm, 118.0000 mm): PTH pad 5 [+12V] of K6
    @(119.0000 mm, 105.0000 mm): PTH pad 1 [+12V] of C_RELAYBULK1
[unconnected_items]: Missing connection between items
    Local override; error
    @(158.0000 mm, 108.0000 mm): Pad 1 [+12V] of TP_VALVE_PWR1 on F.Cu
    @(161.6200 mm, 118.0000 mm): PTH pad 5 [+12V] of K7
[unconnected_items]: Missing connection between items
    Local override; error
    @(158.0000 mm, 108.0000 mm): Pad 1 [+12V] of TP_VALVE_PWR1 on F.Cu
    @(169.4550 mm, 104.0000 mm): Pad 2 [+12V] of F2 on F.Cu
[unconnected_items]: Missing connection between items
    Local override; error
    @(158.0000 mm, 108.0000 mm): Pad 1 [+12V] of TP_VALVE_PWR1 on F.Cu
    @(137.6200 mm, 118.0000 mm): PTH pad 5 [+12V] of K6
[unconnected_items]: Missing connection between items
    Local override; error
    @(185.6200 mm, 118.0000 mm): PTH pad 5 [+12V] of K8
    @(169.4550 mm, 104.0000 mm): Pad 2 [+12V] of F2 on F.Cu
[unconnected_items]: Missing connection between items
    Local override; error
    @(145.0800 mm, 12.0000 mm): PTH pad 2 [/RS-485/net_LOC_A_RAW] of J_RS485_LOC1
    @(148.0500 mm, 18.9375 mm): Pad 1 [/RS-485/net_LOC_A_RAW] of D_RS485PROT2 on F.Cu
[unconnected_items]: Missing connection between items
    Local override; error
    @(148.0500 mm, 18.9375 mm): Pad 1 [/RS-485/net_LOC_A_RAW] of D_RS485PROT2 on F.Cu
    @(154.5000 mm, 20.6500 mm): Pad 1 [/RS-485/net_LOC_A_RAW] of CMC_RS485_2 on F.Cu
[unconnected_items]: Missing connection between items
    Local override; error
    @(149.9500 mm, 18.9375 mm): Pad 2 [/RS-485/net_LOC_B_RAW] of D_RS485PROT2 on F.Cu
    @(153.5000 mm, 20.6500 mm): Pad 4 [/RS-485/net_LOC_B_RAW] of CMC_RS485_2 on F.Cu
[unconnected_items]: Missing connection between items
    Local override; error
    @(150.1600 mm, 12.0000 mm): PTH pad 3 [/RS-485/net_LOC_B_RAW] of J_RS485_LOC1
    @(149.9500 mm, 18.9375 mm): Pad 2 [/RS-485/net_LOC_B_RAW] of D_RS485PROT2 on F.Cu
[unconnected_items]: Missing connection between items
    Local override; error
    @(56.2500 mm, 15.3600 mm): Pad 7 [SENSOR_CH6] of U_MCU1 on F.Cu
    @(63.9125 mm, 95.0000 mm): Pad 2 [SENSOR_CH6] of R_SER6 on F.Cu
[unconnected_items]: Missing connection between items
    Local override; error
    @(63.9125 mm, 95.0000 mm): Pad 2 [SENSOR_CH6] of R_SER6 on F.Cu
    @(65.5400 mm, 100.0000 mm): PTH pad 2 [SENSOR_CH6] of JP_VBYP6
[unconnected_items]: Missing connection between items
    Local override; error
    @(65.5400 mm, 100.0000 mm): PTH pad 2 [SENSOR_CH6] of JP_VBYP6
    @(70.0000 mm, 101.9125 mm): Pad 1 [SENSOR_CH6] of R_BURDEN6 on F.Cu
[unconnected_items]: Missing connection between items
    Local override; error
    @(70.0000 mm, 101.9125 mm): Pad 1 [SENSOR_CH6] of R_BURDEN6 on F.Cu
    @(71.0000 mm, 95.9125 mm): Pad 1 [SENSOR_CH6] of R_VBOT6 on F.Cu
[unconnected_items]: Missing connection between items
    Local override; error
    @(70.0000 mm, 101.9125 mm): Pad 1 [SENSOR_CH6] of R_BURDEN6 on F.Cu
    @(76.9375 mm, 103.0000 mm): Pad 3 [SENSOR_CH6] of D_CLHI6 on F.Cu
[unconnected_items]: Missing connection between items
    Local override; error
    @(75.0000 mm, 95.7750 mm): Pad 1 [SENSOR_CH6] of C_FILT6 on F.Cu
    @(71.0000 mm, 95.9125 mm): Pad 1 [SENSOR_CH6] of R_VBOT6 on F.Cu
[unconnected_items]: Missing connection between items
    Local override; error
    @(56.2500 mm, 19.1700 mm): Pad 10 [LORA_UART_TX] of U_MCU1 on F.Cu
    @(80.6000 mm, 46.0000 mm): Pad 1 [LORA_UART_TX] of U_LORA1 on F.Cu
[unconnected_items]: Missing connection between items
    Local override; error
    @(56.2500 mm, 20.4400 mm): Pad 11 [LORA_UART_RX] of U_MCU1 on F.Cu
    @(80.6000 mm, 47.0000 mm): Pad 2 [LORA_UART_RX] of U_LORA1 on F.Cu
[unconnected_items]: Missing connection between items
    Local override; error
    @(72.0000 mm, 57.0000 mm): PTH pad 1 [/Sensors & LORA/LORA_RF] of J_LORASMA1
    @(80.6000 mm, 57.0000 mm): Pad 12 [/Sensors & LORA/LORA_RF] of U_LORA1 on F.Cu
[unconnected_items]: Missing connection between items
    Local override; error
    @(100.9125 mm, 47.0000 mm): Pad 2 [/Sensors & LORA/net_LORA_RST] of R_LORARST1 on F.Cu
    @(95.4000 mm, 48.0000 mm): Pad 22 [/Sensors & LORA/net_LORA_RST] of U_LORA1 on F.Cu
[unconnected_items]: Missing connection between items
    Local override; error
    @(104.0000 mm, 59.0000 mm): Pad 1 [/Sensors & LORA/net_LORA_RST] of TP_LORARST1 on F.Cu
    @(100.9125 mm, 47.0000 mm): Pad 2 [/Sensors & LORA/net_LORA_RST] of R_LORARST1 on F.Cu
[unconnected_items]: Missing connection between items
    Local override; error
    @(37.0625 mm, 78.9500 mm): Pad 2 [+3V3] of D_CLHI1 on F.Cu
    @(56.0625 mm, 78.9500 mm): Pad 2 [+3V3] of D_CLHI2 on F.Cu
[unconnected_items]: Missing connection between items
    Local override; error
    @(37.0625 mm, 103.9500 mm): Pad 2 [+3V3] of D_CLHI4 on F.Cu
    @(56.0625 mm, 103.9500 mm): Pad 2 [+3V3] of D_CLHI5 on F.Cu
[unconnected_items]: Missing connection between items
    Local override; error
    @(48.4750 mm, 9.0000 mm): Pad 1 [+3V3] of C_BULK2 on F.Cu
    @(48.0000 mm, 18.9125 mm): Pad 1 [+3V3] of R_ENPU1 on F.Cu
[unconnected_items]: Missing connection between items
    Local override; error
    @(52.7750 mm, 9.0000 mm): Pad 1 [+3V3] of C_DEC1 on F.Cu
    @(48.4750 mm, 9.0000 mm): Pad 1 [+3V3] of C_BULK2 on F.Cu
[unconnected_items]: Missing connection between items
    Local override; error
    @(54.0875 mm, 30.0000 mm): Pad 1 [+3V3] of R_BOOT1 on F.Cu
    @(48.0000 mm, 18.9125 mm): Pad 1 [+3V3] of R_ENPU1 on F.Cu
[unconnected_items]: Missing connection between items
    Local override; error
    @(56.0625 mm, 78.9500 mm): Pad 2 [+3V3] of D_CLHI2 on F.Cu
    @(75.0625 mm, 78.9500 mm): Pad 2 [+3V3] of D_CLHI3 on F.Cu
[unconnected_items]: Missing connection between items
    Local override; error
    @(56.0625 mm, 103.9500 mm): Pad 2 [+3V3] of D_CLHI5 on F.Cu
    @(75.0625 mm, 103.9500 mm): Pad 2 [+3V3] of D_CLHI6 on F.Cu
[unconnected_items]: Missing connection between items
    Local override; error
    @(56.2500 mm, 9.0100 mm): Pad 2 [+3V3] of U_MCU1 on F.Cu
    @(52.7750 mm, 9.0000 mm): Pad 1 [+3V3] of C_DEC1 on F.Cu
[unconnected_items]: Missing connection between items
    Local override; error
    @(58.2250 mm, 32.0000 mm): Pad 1 [+3V3] of C_DEC4 on F.Cu
    @(54.0875 mm, 30.0000 mm): Pad 1 [+3V3] of R_BOOT1 on F.Cu
[unconnected_items]: Missing connection between items
    Local override; error
    @(58.2250 mm, 32.0000 mm): Pad 1 [+3V3] of C_DEC4 on F.Cu
    @(71.0875 mm, 28.0000 mm): Pad 1 [+3V3] of R_SETUP1 on F.Cu
[unconnected_items]: Missing connection between items
    Local override; error
    @(58.2250 mm, 45.0000 mm): Pad 1 [+3V3] of C_DEC6 on F.Cu
    @(58.2250 mm, 32.0000 mm): Pad 1 [+3V3] of C_DEC4 on F.Cu
[unconnected_items]: Missing connection between items
    Local override; error
    @(58.2250 mm, 45.0000 mm): Pad 1 [+3V3] of C_DEC6 on F.Cu
    @(39.2250 mm, 44.0000 mm): Pad 1 [+3V3] of C_DEC5 on F.Cu
[unconnected_items]: Missing connection between items
    Local override; error
    @(75.0625 mm, 78.9500 mm): Pad 2 [+3V3] of D_CLHI3 on F.Cu
    @(80.2250 mm, 70.0000 mm): Pad 1 [+3V3] of C_DEC7 on F.Cu
[unconnected_items]: Missing connection between items
    Local override; error
    @(75.0625 mm, 78.9500 mm): Pad 2 [+3V3] of D_CLHI3 on F.Cu
    @(85.2250 mm, 84.0000 mm): Pad 1 [+3V3] of C_DEC8 on F.Cu
[unconnected_items]: Missing connection between items
    Local override; error
    @(77.2250 mm, 27.0000 mm): Pad 1 [+3V3] of C_DEC3 on F.Cu
    @(71.0875 mm, 28.0000 mm): Pad 1 [+3V3] of R_SETUP1 on F.Cu
[unconnected_items]: Missing connection between items
    Local override; error
    @(77.2250 mm, 27.0000 mm): Pad 1 [+3V3] of C_DEC3 on F.Cu
    @(77.2250 mm, 13.0000 mm): Pad 1 [+3V3] of C_DEC2 on F.Cu
[unconnected_items]: Missing connection between items
    Local override; error
    @(85.2250 mm, 84.0000 mm): Pad 1 [+3V3] of C_DEC8 on F.Cu
    @(75.0625 mm, 103.9500 mm): Pad 2 [+3V3] of D_CLHI6 on F.Cu
[unconnected_items]: Missing connection between items
    Local override; error
    @(95.4000 mm, 46.0000 mm): Pad 24 [+3V3] of U_LORA1 on F.Cu
    @(99.0875 mm, 47.0000 mm): Pad 1 [+3V3] of R_LORARST1 on F.Cu
[unconnected_items]: Missing connection between items
    Local override; error
    @(96.1750 mm, 91.0000 mm): Pad 1 [+3V3] of R_EXP_RESET1 on F.Cu
    @(85.2250 mm, 84.0000 mm): Pad 1 [+3V3] of C_DEC8 on F.Cu
[unconnected_items]: Missing connection between items
    Local override; error
    @(99.7750 mm, 39.0000 mm): Pad 1 [+3V3] of C_DEC10 on F.Cu
    @(102.2250 mm, 40.0000 mm): Pad 1 [+3V3] of C_ISODEC1 on F.Cu
[unconnected_items]: Missing connection between items
    Local override; error
    @(99.7750 mm, 39.0000 mm): Pad 1 [+3V3] of C_DEC10 on F.Cu
    @(77.2250 mm, 27.0000 mm): Pad 1 [+3V3] of C_DEC3 on F.Cu
[unconnected_items]: Missing connection between items
    Local override; error
    @(101.0000 mm, 73.7750 mm): Pad 1 [+3V3] of C_EXP1 on F.Cu
    @(101.0950 mm, 77.3500 mm): Pad 9 [+3V3] of U_VALVEEXP1 on F.Cu
[unconnected_items]: Missing connection between items
    Local override; error
    @(101.0000 mm, 73.7750 mm): Pad 1 [+3V3] of C_EXP1 on F.Cu
    @(99.0875 mm, 47.0000 mm): Pad 1 [+3V3] of R_LORARST1 on F.Cu
[unconnected_items]: Missing connection between items
    Local override; error
    @(101.0950 mm, 77.3500 mm): Pad 9 [+3V3] of U_VALVEEXP1 on F.Cu
    @(96.1750 mm, 91.0000 mm): Pad 1 [+3V3] of R_EXP_RESET1 on F.Cu
[unconnected_items]: Missing connection between items
    Local override; error
    @(101.0950 mm, 77.3500 mm): Pad 9 [+3V3] of U_VALVEEXP1 on F.Cu
    @(143.0800 mm, 96.0000 mm): PTH pad 3 [+3V3] of U3
[unconnected_items]: Missing connection between items
    Local override; error
    @(101.7750 mm, 42.0000 mm): Pad 1 [+3V3] of C_DEC9 on F.Cu
    @(102.2250 mm, 40.0000 mm): Pad 1 [+3V3] of C_ISODEC1 on F.Cu
[unconnected_items]: Missing connection between items
    Local override; error
    @(101.7750 mm, 42.0000 mm): Pad 1 [+3V3] of C_DEC9 on F.Cu
    @(99.0875 mm, 47.0000 mm): Pad 1 [+3V3] of R_LORARST1 on F.Cu
[unconnected_items]: Missing connection between items
    Local override; error
    @(106.3500 mm, 40.5550 mm): Pad 1 [+3V3] of U_ISO1 on F.Cu
    @(102.2250 mm, 40.0000 mm): Pad 1 [+3V3] of C_ISODEC1 on F.Cu
[unconnected_items]: Missing connection between items
    Local override; error
    @(143.0800 mm, 96.0000 mm): PTH pad 3 [+3V3] of U3
    @(149.0000 mm, 98.4750 mm): Pad 1 [+3V3] of C_OUT3 on F.Cu
[unconnected_items]: Missing connection between items
    Local override; error
    @(145.0000 mm, 109.0000 mm): Pad 1 [+3V3] of TP_3V3 on F.Cu
    @(154.9375 mm, 105.0000 mm): Pad 2 [+3V3] of D_LED2 on F.Cu
[unconnected_items]: Missing connection between items
    Local override; error
    @(154.9375 mm, 105.0000 mm): Pad 2 [+3V3] of D_LED2 on F.Cu
    @(149.0000 mm, 98.4750 mm): Pad 1 [+3V3] of C_OUT3 on F.Cu
[unconnected_items]: Missing connection between items
    Local override; error
    @(44.9125 mm, 95.0000 mm): Pad 2 [SENSOR_CH5] of R_SER5 on F.Cu
    @(46.5400 mm, 100.0000 mm): PTH pad 2 [SENSOR_CH5] of JP_VBYP5
[unconnected_items]: Missing connection between items
    Local override; error
    @(46.5400 mm, 100.0000 mm): PTH pad 2 [SENSOR_CH5] of JP_VBYP5
    @(51.0000 mm, 101.9125 mm): Pad 1 [SENSOR_CH5] of R_BURDEN5 on F.Cu
[unconnected_items]: Missing connection between items
    Local override; error
    @(51.0000 mm, 101.9125 mm): Pad 1 [SENSOR_CH5] of R_BURDEN5 on F.Cu
    @(52.0000 mm, 95.9125 mm): Pad 1 [SENSOR_CH5] of R_VBOT5 on F.Cu
[unconnected_items]: Missing connection between items
    Local override; error
    @(51.0000 mm, 101.9125 mm): Pad 1 [SENSOR_CH5] of R_BURDEN5 on F.Cu
    @(57.9375 mm, 103.0000 mm): Pad 3 [SENSOR_CH5] of D_CLHI5 on F.Cu
[unconnected_items]: Missing connection between items
    Local override; error
    @(56.0000 mm, 95.7750 mm): Pad 1 [SENSOR_CH5] of C_FILT5 on F.Cu
    @(52.0000 mm, 95.9125 mm): Pad 1 [SENSOR_CH5] of R_VBOT5 on F.Cu
[unconnected_items]: Missing connection between items
    Local override; error
    @(56.0000 mm, 95.7750 mm): Pad 1 [SENSOR_CH5] of C_FILT5 on F.Cu
    @(56.2500 mm, 14.0900 mm): Pad 6 [SENSOR_CH5] of U_MCU1 on F.Cu
[unconnected_items]: Missing connection between items
    Local override; error
    @(108.6200 mm, 28.0000 mm): PTH pad 4 [ISO_5V] of U_ISODCDC1
    @(120.0000 mm, 31.4750 mm): Pad 1 [ISO_5V] of C_ISOBULK2 on F.Cu
[unconnected_items]: Missing connection between items
    Local override; error
    @(120.0000 mm, 31.4750 mm): Pad 1 [ISO_5V] of C_ISOBULK2 on F.Cu
    @(120.2750 mm, 40.0000 mm): Pad 1 [ISO_5V] of C_ISOOUT1 on F.Cu
[unconnected_items]: Missing connection between items
    Local override; error
    @(120.2750 mm, 40.0000 mm): Pad 1 [ISO_5V] of C_ISOOUT1 on F.Cu
    @(115.6500 mm, 40.5550 mm): Pad 16 [ISO_5V] of U_ISO1 on F.Cu
[unconnected_items]: Missing connection between items
    Local override; error
    @(120.2750 mm, 40.0000 mm): Pad 1 [ISO_5V] of C_ISOOUT1 on F.Cu
    @(132.4750 mm, 41.0950 mm): Pad 8 [ISO_5V] of U_RS485_TX1 on F.Cu
[unconnected_items]: Missing connection between items
    Local override; error
    @(132.4750 mm, 41.0950 mm): Pad 8 [ISO_5V] of U_RS485_TX1 on F.Cu
    @(137.7750 mm, 40.0000 mm): Pad 1 [ISO_5V] of C_RSDEC1 on F.Cu
[unconnected_items]: Missing connection between items
    Local override; error
    @(139.0875 mm, 44.0000 mm): Pad 1 [ISO_5V] of R_BIASA1 on F.Cu
    @(137.7750 mm, 40.0000 mm): Pad 1 [ISO_5V] of C_RSDEC1 on F.Cu
[unconnected_items]: Missing connection between items
    Local override; error
    @(145.0000 mm, 30.0000 mm): Pad 1 [ISO_5V] of TP_ISO5V1 on F.Cu
    @(137.7750 mm, 40.0000 mm): Pad 1 [ISO_5V] of C_RSDEC1 on F.Cu
[unconnected_items]: Missing connection between items
    Local override; error
    @(73.7500 mm, 17.9000 mm): Pad 32 [/MCU/LED_LINK] of U_MCU1 on F.Cu
    @(91.0875 mm, 9.0000 mm): Pad 1 [/MCU/LED_LINK] of R_LINK1 on F.Cu
[unconnected_items]: Missing connection between items
    Local override; error
    @(92.9125 mm, 9.0000 mm): Pad 2 [Net-(D_LINK1-A)] of R_LINK1 on F.Cu
    @(92.9375 mm, 5.0000 mm): Pad 2 [Net-(D_LINK1-A)] of D_LINK1 on F.Cu
[unconnected_items]: Missing connection between items
    Local override; error
    @(69.0000 mm, 108.0000 mm): PTH pad 1 [Net-(JP_IGND6-Pin_1)] of JP_IGND6
    @(70.0000 mm, 100.0875 mm): Pad 2 [Net-(JP_IGND6-Pin_1)] of R_BURDEN6 on F.Cu
[unconnected_items]: Missing connection between items
    Local override; error
    @(50.0000 mm, 108.0000 mm): PTH pad 1 [Net-(JP_IGND5-Pin_1)] of JP_IGND5
    @(51.0000 mm, 100.0875 mm): Pad 2 [Net-(JP_IGND5-Pin_1)] of R_BURDEN5 on F.Cu
[unconnected_items]: Missing connection between items
    Local override; error
    @(56.2500 mm, 11.5500 mm): Pad 4 [SENSOR_CH3] of U_MCU1 on F.Cu
    @(63.9125 mm, 70.0000 mm): Pad 2 [SENSOR_CH3] of R_SER3 on F.Cu
[unconnected_items]: Missing connection between items
    Local override; error
    @(63.9125 mm, 70.0000 mm): Pad 2 [SENSOR_CH3] of R_SER3 on F.Cu
    @(65.5400 mm, 75.0000 mm): PTH pad 2 [SENSOR_CH3] of JP_VBYP3
[unconnected_items]: Missing connection between items
    Local override; error
    @(65.5400 mm, 75.0000 mm): PTH pad 2 [SENSOR_CH3] of JP_VBYP3
    @(70.0000 mm, 76.9125 mm): Pad 1 [SENSOR_CH3] of R_BURDEN3 on F.Cu
[unconnected_items]: Missing connection between items
    Local override; error
    @(70.0000 mm, 76.9125 mm): Pad 1 [SENSOR_CH3] of R_BURDEN3 on F.Cu
    @(71.0000 mm, 70.9125 mm): Pad 1 [SENSOR_CH3] of R_VBOT3 on F.Cu
[unconnected_items]: Missing connection between items
    Local override; error
    @(70.0000 mm, 76.9125 mm): Pad 1 [SENSOR_CH3] of R_BURDEN3 on F.Cu
    @(76.9375 mm, 78.0000 mm): Pad 3 [SENSOR_CH3] of D_CLHI3 on F.Cu
[unconnected_items]: Missing connection between items
    Local override; error
    @(75.0000 mm, 70.7750 mm): Pad 1 [SENSOR_CH3] of C_FILT3 on F.Cu
    @(71.0000 mm, 70.9125 mm): Pad 1 [SENSOR_CH3] of R_VBOT3 on F.Cu
[unconnected_items]: Missing connection between items
    Local override; error
    @(153.0000 mm, 75.9125 mm): Pad 1 [VIN_12V] of R_UVLO1 on F.Cu
    @(159.1375 mm, 78.7250 mm): Pad 1 [VIN_12V] of U1 on F.Cu
[unconnected_items]: Missing connection between items
    Local override; error
    @(153.0000 mm, 85.9125 mm): Pad 1 [VIN_12V] of R_OVP1 on F.Cu
    @(153.0875 mm, 92.0000 mm): Pad 1 [VIN_12V] of R_SHDN1 on F.Cu
[unconnected_items]: Missing connection between items
    Local override; error
    @(159.1375 mm, 78.7250 mm): Pad 1 [VIN_12V] of U1 on F.Cu
    @(159.1375 mm, 79.3750 mm): Pad 2 [VIN_12V] of U1 on F.Cu
[unconnected_items]: Missing connection between items
    Local override; error
    @(159.1375 mm, 79.3750 mm): Pad 2 [VIN_12V] of U1 on F.Cu
    @(153.0000 mm, 85.9125 mm): Pad 1 [VIN_12V] of R_OVP1 on F.Cu
[unconnected_items]: Missing connection between items
    Local override; error
    @(171.0000 mm, 80.1500 mm): Pad 1 [VIN_12V] of D1 on F.Cu
    @(173.5250 mm, 84.0000 mm): Pad 1 [VIN_12V] of C_IN1 on F.Cu
[unconnected_items]: Missing connection between items
    Local override; error
    @(171.0000 mm, 80.1500 mm): Pad 1 [VIN_12V] of D1 on F.Cu
    @(159.1375 mm, 79.3750 mm): Pad 2 [VIN_12V] of U1 on F.Cu
[unconnected_items]: Missing connection between items
    Local override; error
    @(173.5250 mm, 84.0000 mm): Pad 1 [VIN_12V] of C_IN1 on F.Cu
    @(183.4550 mm, 78.0000 mm): Pad 2 [VIN_12V] of F1 on F.Cu
[unconnected_items]: Missing connection between items
    Local override; error
    @(73.7500 mm, 11.5500 mm): Pad 37 [/MCU/net_DEBUG_TX] of U_MCU1 on F.Cu
    @(83.0000 mm, 20.0000 mm): PTH pad 1 [/MCU/net_DEBUG_TX] of J_PROG1
[unconnected_items]: Missing connection between items
    Local override; error
    @(73.7500 mm, 12.8200 mm): Pad 36 [/MCU/net_DEBUG_RX] of U_MCU1 on F.Cu
    @(83.0000 mm, 22.5400 mm): PTH pad 2 [/MCU/net_DEBUG_RX] of J_PROG1
[unconnected_items]: Missing connection between items
    Local override; error
    @(61.8250 mm, 25.5000 mm): Pad 18 [VALVE_SPI_CS] of U_MCU1 on F.Cu
    @(98.5550 mm, 77.3500 mm): Pad 11 [VALVE_SPI_CS] of U_VALVEEXP1 on F.Cu
[unconnected_items]: Missing connection between items
    Local override; error
    @(64.3650 mm, 25.5000 mm): Pad 20 [VALVE_SPI_SCLK] of U_MCU1 on F.Cu
    @(97.2850 mm, 77.3500 mm): Pad 12 [VALVE_SPI_SCLK] of U_VALVEEXP1 on F.Cu
[unconnected_items]: Missing connection between items
    Local override; error
    @(63.0950 mm, 25.5000 mm): Pad 19 [VALVE_SPI_MOSI] of U_MCU1 on F.Cu
    @(96.0150 mm, 77.3500 mm): Pad 13 [VALVE_SPI_MOSI] of U_VALVEEXP1 on F.Cu
[unconnected_items]: Missing connection between items
    Local override; error
    @(65.6350 mm, 25.5000 mm): Pad 21 [VALVE_SPI_MISO] of U_MCU1 on F.Cu
    @(94.7450 mm, 77.3500 mm): Pad 14 [VALVE_SPI_MISO] of U_VALVEEXP1 on F.Cu
[unconnected_items]: Missing connection between items
    Local override; error
    @(97.8250 mm, 91.0000 mm): Pad 2 [/Motor Valve/EXP_RESET_N] of R_EXP_RESET1 on F.Cu
    @(98.5550 mm, 86.6500 mm): Pad 18 [/Motor Valve/EXP_RESET_N] of U_VALVEEXP1 on F.Cu
[unconnected_items]: Missing connection between items
    Local override; error
    @(102.3650 mm, 86.6500 mm): Pad 21 [/Motor Valve/RELAY_CMD1] of U_VALVEEXP1 on F.Cu
    @(91.0000 mm, 95.8250 mm): Pad 1 [/Motor Valve/RELAY_CMD1] of R_RELAY_PD1 on F.Cu
[unconnected_items]: Missing connection between items
    Local override; error
    @(108.0800 mm, 98.3500 mm): Pad 1 [/Motor Valve/RELAY_CMD1] of U_RELAY1 on F.Cu
    @(102.3650 mm, 86.6500 mm): Pad 21 [/Motor Valve/RELAY_CMD1] of U_VALVEEXP1 on F.Cu
[unconnected_items]: Missing connection between items
    Local override; error
    @(94.0000 mm, 95.8250 mm): Pad 1 [/Motor Valve/RELAY_CMD2] of R_RELAY_PD2 on F.Cu
    @(106.8100 mm, 98.3500 mm): Pad 2 [/Motor Valve/RELAY_CMD2] of U_RELAY1 on F.Cu
[unconnected_items]: Missing connection between items
    Local override; error
    @(106.8100 mm, 98.3500 mm): Pad 2 [/Motor Valve/RELAY_CMD2] of U_RELAY1 on F.Cu
    @(103.6350 mm, 86.6500 mm): Pad 22 [/Motor Valve/RELAY_CMD2] of U_VALVEEXP1 on F.Cu
[unconnected_items]: Missing connection between items
    Local override; error
    @(97.0000 mm, 95.8250 mm): Pad 1 [/Motor Valve/RELAY_CMD3] of R_RELAY_PD3 on F.Cu
    @(105.5400 mm, 98.3500 mm): Pad 3 [/Motor Valve/RELAY_CMD3] of U_RELAY1 on F.Cu
[unconnected_items]: Missing connection between items
    Local override; error
    @(105.5400 mm, 98.3500 mm): Pad 3 [/Motor Valve/RELAY_CMD3] of U_RELAY1 on F.Cu
    @(104.9050 mm, 86.6500 mm): Pad 23 [/Motor Valve/RELAY_CMD3] of U_VALVEEXP1 on F.Cu
[unconnected_items]: Missing connection between items
    Local override; error
    @(100.0000 mm, 95.8250 mm): Pad 1 [/Motor Valve/RELAY_CMD4] of R_RELAY_PD4 on F.Cu
    @(104.2700 mm, 98.3500 mm): Pad 4 [/Motor Valve/RELAY_CMD4] of U_RELAY1 on F.Cu
[unconnected_items]: Missing connection between items
    Local override; error
    @(106.1750 mm, 86.6500 mm): Pad 24 [/Motor Valve/RELAY_CMD4] of U_VALVEEXP1 on F.Cu
    @(100.0000 mm, 95.8250 mm): Pad 1 [/Motor Valve/RELAY_CMD4] of R_RELAY_PD4 on F.Cu
[unconnected_items]: Missing connection between items
    Local override; error
    @(103.0000 mm, 95.8250 mm): Pad 1 [/Motor Valve/RELAY_CMD5] of R_RELAY_PD5 on F.Cu
    @(103.0000 mm, 98.3500 mm): Pad 5 [/Motor Valve/RELAY_CMD5] of U_RELAY1 on F.Cu
[unconnected_items]: Missing connection between items
    Local override; error
    @(107.4450 mm, 86.6500 mm): Pad 25 [/Motor Valve/RELAY_CMD5] of U_VALVEEXP1 on F.Cu
    @(103.0000 mm, 95.8250 mm): Pad 1 [/Motor Valve/RELAY_CMD5] of R_RELAY_PD5 on F.Cu
[unconnected_items]: Missing connection between items
    Local override; error
    @(101.7300 mm, 98.3500 mm): Pad 6 [/Motor Valve/RELAY_CMD6] of U_RELAY1 on F.Cu
    @(106.0000 mm, 95.8250 mm): Pad 1 [/Motor Valve/RELAY_CMD6] of R_RELAY_PD6 on F.Cu
[unconnected_items]: Missing connection between items
    Local override; error
    @(106.0000 mm, 95.8250 mm): Pad 1 [/Motor Valve/RELAY_CMD6] of R_RELAY_PD6 on F.Cu
    @(108.7150 mm, 86.6500 mm): Pad 26 [/Motor Valve/RELAY_CMD6] of U_VALVEEXP1 on F.Cu
[unconnected_items]: Missing connection between items
    Local override; error
    @(100.4600 mm, 98.3500 mm): Pad 7 [/Motor Valve/RELAY_CMD7] of U_RELAY1 on F.Cu
    @(109.0000 mm, 95.8250 mm): Pad 1 [/Motor Valve/RELAY_CMD7] of R_RELAY_PD7 on F.Cu
[unconnected_items]: Missing connection between items
    Local override; error
    @(109.0000 mm, 95.8250 mm): Pad 1 [/Motor Valve/RELAY_CMD7] of R_RELAY_PD7 on F.Cu
    @(109.9850 mm, 86.6500 mm): Pad 27 [/Motor Valve/RELAY_CMD7] of U_VALVEEXP1 on F.Cu
[unconnected_items]: Missing connection between items
    Local override; error
    @(99.1900 mm, 98.3500 mm): Pad 8 [/Motor Valve/RELAY_CMD8] of U_RELAY1 on F.Cu
    @(112.0000 mm, 95.8250 mm): Pad 1 [/Motor Valve/RELAY_CMD8] of R_RELAY_PD8 on F.Cu
[unconnected_items]: Missing connection between items
    Local override; error
    @(112.0000 mm, 95.8250 mm): Pad 1 [/Motor Valve/RELAY_CMD8] of R_RELAY_PD8 on F.Cu
    @(111.2550 mm, 86.6500 mm): Pad 28 [/Motor Valve/RELAY_CMD8] of U_VALVEEXP1 on F.Cu
[unconnected_items]: Missing connection between items
    Local override; error
    @(164.8625 mm, 81.3250 mm): Pad 12 [/Power/EF_DVDT] of U1 on F.Cu
    @(168.0000 mm, 94.9500 mm): Pad 1 [/Power/EF_DVDT] of C_DVDT1 on F.Cu
[unconnected_items]: Missing connection between items
    Local override; error
    @(156.9125 mm, 88.0000 mm): Pad 2 [/Power/EF_RTN] of R_OVP2 on F.Cu
    @(159.1375 mm, 83.2750 mm): Pad 8 [/Power/EF_RTN] of U1 on F.Cu
[unconnected_items]: Missing connection between items
    Local override; error
    @(159.1375 mm, 81.9750 mm): Pad 6 [/Power/EF_RTN] of U1 on F.Cu
    @(159.1375 mm, 83.2750 mm): Pad 8 [/Power/EF_RTN] of U1 on F.Cu
[unconnected_items]: Missing connection between items
    Local override; error
    @(159.1375 mm, 81.9750 mm): Pad 6 [/Power/EF_RTN] of U1 on F.Cu
    @(153.0000 mm, 79.0875 mm): Pad 2 [/Power/EF_RTN] of R_UVLO2 on F.Cu
[unconnected_items]: Missing connection between items
    Local override; error
    @(160.8000 mm, 81.6000 mm): PTH pad 17 [/Power/EF_RTN] of U1
    @(159.1375 mm, 81.9750 mm): Pad 6 [/Power/EF_RTN] of U1 on F.Cu
[unconnected_items]: Missing connection between items
    Local override; error
    @(166.0000 mm, 90.0875 mm): Pad 2 [/Power/EF_RTN] of R_IMON1 on F.Cu
    @(168.0000 mm, 93.0500 mm): Pad 2 [/Power/EF_RTN] of C_DVDT1 on F.Cu
[unconnected_items]: Missing connection between items
    Local override; error
    @(166.0000 mm, 90.0875 mm): Pad 2 [/Power/EF_RTN] of R_IMON1 on F.Cu
    @(163.2000 mm, 82.8000 mm): PTH pad 17 [/Power/EF_RTN] of U1
[unconnected_items]: Missing connection between items
    Local override; error
    @(169.0000 mm, 88.1750 mm): Pad 2 [/Power/EF_RTN] of R_ILIM1 on F.Cu
    @(166.0000 mm, 90.0875 mm): Pad 2 [/Power/EF_RTN] of R_IMON1 on F.Cu
[unconnected_items]: Missing connection between items
    Local override; error
    @(178.5450 mm, 78.0000 mm): Pad 1 [/Power/DC_IN_RAW_P] of F1 on F.Cu
    @(190.0000 mm, 77.0000 mm): PTH pad 1 [/Power/DC_IN_RAW_P] of J1
[unconnected_items]: Missing connection between items
    Local override; error
    @(171.9125 mm, 73.0000 mm): Pad 2 [/Power/EF_FLT_N] of R_FLT1 on F.Cu
    @(164.8625 mm, 80.0250 mm): Pad 14 [/Power/EF_FLT_N] of U1 on F.Cu
[unconnected_items]: Missing connection between items
    Local override; error
    @(176.0000 mm, 70.0000 mm): Pad 1 [/Power/EF_FLT_N] of TP_FLT1 on F.Cu
    @(171.9125 mm, 73.0000 mm): Pad 2 [/Power/EF_FLT_N] of R_FLT1 on F.Cu
[unconnected_items]: Missing connection between items
    Local override; error
    @(25.9125 mm, 95.0000 mm): Pad 2 [SENSOR_CH4] of R_SER4 on F.Cu
    @(27.5400 mm, 100.0000 mm): PTH pad 2 [SENSOR_CH4] of JP_VBYP4
[unconnected_items]: Missing connection between items
    Local override; error
    @(27.5400 mm, 100.0000 mm): PTH pad 2 [SENSOR_CH4] of JP_VBYP4
    @(32.0000 mm, 101.9125 mm): Pad 1 [SENSOR_CH4] of R_BURDEN4 on F.Cu
[unconnected_items]: Missing connection between items
    Local override; error
    @(32.0000 mm, 101.9125 mm): Pad 1 [SENSOR_CH4] of R_BURDEN4 on F.Cu
    @(38.9375 mm, 103.0000 mm): Pad 3 [SENSOR_CH4] of D_CLHI4 on F.Cu
[unconnected_items]: Missing connection between items
    Local override; error
    @(33.0000 mm, 95.9125 mm): Pad 1 [SENSOR_CH4] of R_VBOT4 on F.Cu
    @(32.0000 mm, 101.9125 mm): Pad 1 [SENSOR_CH4] of R_BURDEN4 on F.Cu
[unconnected_items]: Missing connection between items
    Local override; error
    @(37.0000 mm, 95.7750 mm): Pad 1 [SENSOR_CH4] of C_FILT4 on F.Cu
    @(33.0000 mm, 95.9125 mm): Pad 1 [SENSOR_CH4] of R_VBOT4 on F.Cu
[unconnected_items]: Missing connection between items
    Local override; error
    @(56.2500 mm, 12.8200 mm): Pad 5 [SENSOR_CH4] of U_MCU1 on F.Cu
    @(37.0000 mm, 95.7750 mm): Pad 1 [SENSOR_CH4] of C_FILT4 on F.Cu
[unconnected_items]: Missing connection between items
    Local override; error
    @(29.0000 mm, 11.9125 mm): Pad 1 [/Power/net_CC1] of R_CC1_1 on F.Cu
    @(35.2500 mm, 6.6800 mm): Pad A5 [/Power/net_CC1] of J_USB1 on F.Cu
[unconnected_items]: Missing connection between items
    Local override; error
    @(91.9375 mm, 14.0000 mm): Pad 2 [Net-(D_PWR1-A)] of D_PWR1 on F.Cu
    @(96.9125 mm, 14.0000 mm): Pad 2 [Net-(D_PWR1-A)] of R_PWR1 on F.Cu
[unconnected_items]: Missing connection between items
    Local override; error
    @(125.0000 mm, 54.0000 mm): Pad 1 [/RS-485/net_ISO_DI] of TP_RS485DI1 on F.Cu
    @(127.5250 mm, 44.9050 mm): Pad 4 [/RS-485/net_ISO_DI] of U_RS485_TX1 on F.Cu
[unconnected_items]: Missing connection between items
    Local override; error
    @(127.5250 mm, 44.9050 mm): Pad 4 [/RS-485/net_ISO_DI] of U_RS485_TX1 on F.Cu
    @(115.6500 mm, 41.8250 mm): Pad 15 [/RS-485/net_ISO_DI] of U_ISO1 on F.Cu
[unconnected_items]: Missing connection between items
    Local override; error
    @(25.9125 mm, 70.0000 mm): Pad 2 [SENSOR_CH1] of R_SER1 on F.Cu
    @(27.5400 mm, 75.0000 mm): PTH pad 2 [SENSOR_CH1] of JP_VBYP1
[unconnected_items]: Missing connection between items
    Local override; error
    @(27.5400 mm, 75.0000 mm): PTH pad 2 [SENSOR_CH1] of JP_VBYP1
    @(32.0000 mm, 76.9125 mm): Pad 1 [SENSOR_CH1] of R_BURDEN1 on F.Cu
[unconnected_items]: Missing connection between items
    Local override; error
    @(32.0000 mm, 76.9125 mm): Pad 1 [SENSOR_CH1] of R_BURDEN1 on F.Cu
    @(38.9375 mm, 78.0000 mm): Pad 3 [SENSOR_CH1] of D_CLHI1 on F.Cu
[unconnected_items]: Missing connection between items
    Local override; error
    @(33.0000 mm, 70.9125 mm): Pad 1 [SENSOR_CH1] of R_VBOT1 on F.Cu
    @(32.0000 mm, 76.9125 mm): Pad 1 [SENSOR_CH1] of R_BURDEN1 on F.Cu
[unconnected_items]: Missing connection between items
    Local override; error
    @(37.0000 mm, 70.7750 mm): Pad 1 [SENSOR_CH1] of C_FILT1 on F.Cu
    @(33.0000 mm, 70.9125 mm): Pad 1 [SENSOR_CH1] of R_VBOT1 on F.Cu
[unconnected_items]: Missing connection between items
    Local override; error
    @(73.7500 mm, 9.0100 mm): Pad 39 [SENSOR_CH1] of U_MCU1 on F.Cu
    @(37.0000 mm, 70.7750 mm): Pad 1 [SENSOR_CH1] of C_FILT1 on F.Cu
[unconnected_items]: Missing connection between items
    Local override; error
    @(31.0000 mm, 83.0000 mm): PTH pad 1 [Net-(JP_IGND1-Pin_1)] of JP_IGND1
    @(32.0000 mm, 75.0875 mm): Pad 2 [Net-(JP_IGND1-Pin_1)] of R_BURDEN1 on F.Cu
[unconnected_items]: Missing connection between items
    Local override; error
    @(70.3000 mm, 32.0000 mm): Pad 1 [/MCU/SETUP_BTN] of SW_SETUP1 on F.Cu
    @(72.9125 mm, 28.0000 mm): Pad 2 [/MCU/SETUP_BTN] of R_SETUP1 on F.Cu
[unconnected_items]: Missing connection between items
    Local override; error
    @(72.9125 mm, 28.0000 mm): Pad 2 [/MCU/SETUP_BTN] of R_SETUP1 on F.Cu
    @(66.9050 mm, 25.5000 mm): Pad 22 [/MCU/SETUP_BTN] of U_MCU1 on F.Cu
[unconnected_items]: Missing connection between items
    Local override; error
    @(31.0000 mm, 108.0000 mm): PTH pad 1 [Net-(JP_IGND4-Pin_1)] of JP_IGND4
    @(32.0000 mm, 100.0875 mm): Pad 2 [Net-(JP_IGND4-Pin_1)] of R_BURDEN4 on F.Cu
[unconnected_items]: Missing connection between items
    Local override; error
    @(115.0800 mm, 12.0000 mm): PTH pad 2 [/RS-485/net_IN_A_RAW] of J_RS485_IN1
    @(118.0500 mm, 18.9375 mm): Pad 1 [/RS-485/net_IN_A_RAW] of D_RS485PROT1 on F.Cu
[unconnected_items]: Missing connection between items
    Local override; error
    @(118.0500 mm, 18.9375 mm): Pad 1 [/RS-485/net_IN_A_RAW] of D_RS485PROT1 on F.Cu
    @(124.5000 mm, 20.6500 mm): Pad 1 [/RS-485/net_IN_A_RAW] of CMC_RS485_1 on F.Cu
[unconnected_items]: Missing connection between items
    Local override; error
    @(119.9500 mm, 18.9375 mm): Pad 2 [/RS-485/net_IN_B_RAW] of D_RS485PROT1 on F.Cu
    @(123.5000 mm, 20.6500 mm): Pad 4 [/RS-485/net_IN_B_RAW] of CMC_RS485_1 on F.Cu
[unconnected_items]: Missing connection between items
    Local override; error
    @(120.1600 mm, 12.0000 mm): PTH pad 3 [/RS-485/net_IN_B_RAW] of J_RS485_IN1
    @(119.9500 mm, 18.9375 mm): Pad 2 [/RS-485/net_IN_B_RAW] of D_RS485PROT1 on F.Cu
[unconnected_items]: Missing connection between items
    Local override; error
    @(73.7500 mm, 19.1700 mm): Pad 31 [/MCU/LED_PWR] of U_MCU1 on F.Cu
    @(95.0875 mm, 14.0000 mm): Pad 1 [/MCU/LED_PWR] of R_PWR1 on F.Cu
[unconnected_items]: Missing connection between items
    Local override; error
    @(31.6000 mm, 6.6800 mm): Pad B4 [/Power/net_USB_VBUS] of J_USB1 on F.Cu
    @(23.0000 mm, 11.0000 mm): Pad 1 [/Power/net_USB_VBUS] of TP_USBVBUS1 on F.Cu
[unconnected_items]: Missing connection between items
    Local override; error
    @(36.4000 mm, 6.6800 mm): Pad A4 [/Power/net_USB_VBUS] of J_USB1 on F.Cu
    @(31.6000 mm, 6.6800 mm): Pad B4 [/Power/net_USB_VBUS] of J_USB1 on F.Cu
[unconnected_items]: Missing connection between items
    Local override; error
    @(154.9125 mm, 92.0000 mm): Pad 2 [/Power/EF_SHDN] of R_SHDN1 on F.Cu
    @(159.1375 mm, 82.6250 mm): Pad 7 [/Power/EF_SHDN] of U1 on F.Cu
[unconnected_items]: Missing connection between items
    Local override; error
    @(153.0000 mm, 74.0875 mm): Pad 2 [/Power/EF_UVLO] of R_UVLO1 on F.Cu
    @(153.0000 mm, 80.9125 mm): Pad 1 [/Power/EF_UVLO] of R_UVLO2 on F.Cu
[unconnected_items]: Missing connection between items
    Local override; error
    @(153.0000 mm, 80.9125 mm): Pad 1 [/Power/EF_UVLO] of R_UVLO2 on F.Cu
    @(159.1375 mm, 80.0250 mm): Pad 3 [/Power/EF_UVLO] of U1 on F.Cu
[unconnected_items]: Missing connection between items
    Local override; error
    @(48.0000 mm, 17.0875 mm): Pad 2 [/MCU/net_CHIP_EN] of R_ENPU1 on F.Cu
    @(41.3000 mm, 25.0000 mm): Pad 1 [/MCU/net_CHIP_EN] of SW_RESET1 on F.Cu
[unconnected_items]: Missing connection between items
    Local override; error
    @(51.0500 mm, 14.0000 mm): Pad 1 [/MCU/net_CHIP_EN] of C_EN1 on F.Cu
    @(48.0000 mm, 17.0875 mm): Pad 2 [/MCU/net_CHIP_EN] of R_ENPU1 on F.Cu
[unconnected_items]: Missing connection between items
    Local override; error
    @(56.2500 mm, 10.2800 mm): Pad 3 [/MCU/net_CHIP_EN] of U_MCU1 on F.Cu
    @(51.0500 mm, 14.0000 mm): Pad 1 [/MCU/net_CHIP_EN] of C_EN1 on F.Cu
[unconnected_items]: Missing connection between items
    Local override; error
    @(99.9125 mm, 9.0000 mm): Pad 2 [Net-(D_FLT1-A)] of R_LEDFLT1 on F.Cu
    @(99.9375 mm, 5.0000 mm): Pad 2 [Net-(D_FLT1-A)] of D_FLT1 on F.Cu
[unconnected_items]: Missing connection between items
    Local override; error
    @(69.0000 mm, 83.0000 mm): PTH pad 1 [Net-(JP_IGND3-Pin_1)] of JP_IGND3
    @(70.0000 mm, 75.0875 mm): Pad 2 [Net-(JP_IGND3-Pin_1)] of R_BURDEN3 on F.Cu
[unconnected_items]: Missing connection between items
    Local override; error
    @(56.2500 mm, 16.6300 mm): Pad 8 [RS485_TX] of U_MCU1 on F.Cu
    @(106.3500 mm, 41.8250 mm): Pad 2 [RS485_TX] of U_ISO1 on F.Cu
[unconnected_items]: Missing connection between items
    Local override; error
    @(56.2500 mm, 17.9000 mm): Pad 9 [RS485_RX] of U_MCU1 on F.Cu
    @(106.3500 mm, 48.1750 mm): Pad 7 [RS485_RX] of U_ISO1 on F.Cu
[unconnected_items]: Missing connection between items
    Local override; error
    @(34.7500 mm, 6.6800 mm): Pad B7 [net_USB_DM] of J_USB1 on F.Cu
    @(33.7500 mm, 6.6800 mm): Pad A7 [net_USB_DM] of J_USB1 on F.Cu
[unconnected_items]: Missing connection between items
    Local override; error
    @(56.2500 mm, 22.9800 mm): Pad 13 [net_USB_DM] of U_MCU1 on F.Cu
    @(34.7500 mm, 6.6800 mm): Pad B7 [net_USB_DM] of J_USB1 on F.Cu
[unconnected_items]: Missing connection between items
    Local override; error
    @(34.2500 mm, 6.6800 mm): Pad A6 [net_USB_DP] of J_USB1 on F.Cu
    @(33.2500 mm, 6.6800 mm): Pad B6 [net_USB_DP] of J_USB1 on F.Cu
[unconnected_items]: Missing connection between items
    Local override; error
    @(56.2500 mm, 24.2500 mm): Pad 14 [net_USB_DP] of U_MCU1 on F.Cu
    @(34.2500 mm, 6.6800 mm): Pad A6 [net_USB_DP] of J_USB1 on F.Cu
[unconnected_items]: Missing connection between items
    Local override; error
    @(47.3000 mm, 30.0000 mm): Pad 1 [/MCU/net_BOOT] of SW_BOOT1 on F.Cu
    @(55.9125 mm, 30.0000 mm): Pad 2 [/MCU/net_BOOT] of R_BOOT1 on F.Cu
[unconnected_items]: Missing connection between items
    Local override; error
    @(55.9125 mm, 30.0000 mm): Pad 2 [/MCU/net_BOOT] of R_BOOT1 on F.Cu
    @(73.7500 mm, 24.2500 mm): Pad 27 [/MCU/net_BOOT] of U_MCU1 on F.Cu
[unconnected_items]: Missing connection between items
    Local override; error
    @(73.7500 mm, 16.6300 mm): Pad 33 [/MCU/LED_FAULT] of U_MCU1 on F.Cu
    @(98.0875 mm, 9.0000 mm): Pad 1 [/MCU/LED_FAULT] of R_LEDFLT1 on F.Cu
[unconnected_items]: Missing connection between items
    Local override; error
    @(73.7500 mm, 15.3600 mm): Pad 34 [RS485_DE] of U_MCU1 on F.Cu
    @(103.0000 mm, 45.8250 mm): Pad 1 [RS485_DE] of R_RSDE1 on F.Cu
[unconnected_items]: Missing connection between items
    Local override; error
    @(103.0000 mm, 45.8250 mm): Pad 1 [RS485_DE] of R_RSDE1 on F.Cu
    @(106.3500 mm, 43.0950 mm): Pad 3 [RS485_DE] of U_ISO1 on F.Cu
[unconnected_items]: Missing connection between items
    Local override; error
    @(153.0000 mm, 84.0875 mm): Pad 2 [/Power/EF_OVP] of R_OVP1 on F.Cu
    @(155.0875 mm, 88.0000 mm): Pad 1 [/Power/EF_OVP] of R_OVP2 on F.Cu
[unconnected_items]: Missing connection between items
    Local override; error
    @(159.1375 mm, 81.3250 mm): Pad 5 [/Power/EF_OVP] of U1 on F.Cu
    @(153.0000 mm, 84.0875 mm): Pad 2 [/Power/EF_OVP] of R_OVP1 on F.Cu
[unconnected_items]: Missing connection between items
    Local override; error
    @(127.5250 mm, 41.0950 mm): Pad 1 [/RS-485/net_ISO_RO] of U_RS485_TX1 on F.Cu
    @(115.6500 mm, 48.1750 mm): Pad 10 [/RS-485/net_ISO_RO] of U_ISO1 on F.Cu
[unconnected_items]: Missing connection between items
    Local override; error
    @(129.0000 mm, 54.0000 mm): Pad 1 [/RS-485/net_ISO_RO] of TP_RS485RO1 on F.Cu
    @(127.5250 mm, 41.0950 mm): Pad 1 [/RS-485/net_ISO_RO] of U_RS485_TX1 on F.Cu
[unconnected_items]: Missing connection between items
    Local override; error
    @(115.6500 mm, 43.0950 mm): Pad 14 [/RS-485/net_ISO_DIR] of U_ISO1 on F.Cu
    @(122.0000 mm, 44.8250 mm): Pad 1 [/RS-485/net_ISO_DIR] of R_ISODE1 on F.Cu
[unconnected_items]: Missing connection between items
    Local override; error
    @(122.0000 mm, 44.8250 mm): Pad 1 [/RS-485/net_ISO_DIR] of R_ISODE1 on F.Cu
    @(127.5250 mm, 43.6350 mm): Pad 3 [/RS-485/net_ISO_DIR] of U_RS485_TX1 on F.Cu
[unconnected_items]: Missing connection between items
    Local override; error
    @(127.5250 mm, 43.6350 mm): Pad 3 [/RS-485/net_ISO_DIR] of U_RS485_TX1 on F.Cu
    @(127.5250 mm, 42.3650 mm): Pad 2 [/RS-485/net_ISO_DIR] of U_RS485_TX1 on F.Cu
[unconnected_items]: Missing connection between items
    Local override; error
    @(50.0000 mm, 83.0000 mm): PTH pad 1 [Net-(JP_IGND2-Pin_1)] of JP_IGND2
    @(51.0000 mm, 75.0875 mm): Pad 2 [Net-(JP_IGND2-Pin_1)] of R_BURDEN2 on F.Cu
[unconnected_items]: Missing connection between items
    Local override; error
    @(164.8625 mm, 81.9750 mm): Pad 11 [/Power/EF_ILIM] of U1 on F.Cu
    @(169.0000 mm, 89.8250 mm): Pad 1 [/Power/EF_ILIM] of R_ILIM1 on F.Cu
[unconnected_items]: Missing connection between items
    Local override; error
    @(57.0000 mm, 149.0000 mm): PTH pad 1 [/Motor Valve/RLY3_COM] of J_RELAY3
    @(58.0000 mm, 128.1600 mm): PTH pad 2 [/Motor Valve/RLY3_COM] of K3
[unconnected_items]: Missing connection between items
    Local override; error
    @(58.0000 mm, 135.7800 mm): PTH pad 3 [/Motor Valve/RLY3_NO] of K3
    @(62.0800 mm, 149.0000 mm): PTH pad 2 [/Motor Valve/RLY3_NO] of J_RELAY3
[unconnected_items]: Missing connection between items
    Local override; error
    @(65.6200 mm, 133.2400 mm): PTH pad 4 [/Motor Valve/RLY3_NC] of K3
    @(67.1600 mm, 149.0000 mm): PTH pad 3 [/Motor Valve/RLY3_NC] of J_RELAY3
[unconnected_items]: Missing connection between items
    Local override; error
    @(9.0000 mm, 149.0000 mm): PTH pad 1 [/Motor Valve/RLY1_COM] of J_RELAY1
    @(10.0000 mm, 128.1600 mm): PTH pad 2 [/Motor Valve/RLY1_COM] of K1
[unconnected_items]: Missing connection between items
    Local override; error
    @(10.0000 mm, 135.7800 mm): PTH pad 3 [/Motor Valve/RLY1_NO] of K1
    @(14.0800 mm, 149.0000 mm): PTH pad 2 [/Motor Valve/RLY1_NO] of J_RELAY1
[unconnected_items]: Missing connection between items
    Local override; error
    @(17.6200 mm, 133.2400 mm): PTH pad 4 [/Motor Valve/RLY1_NC] of K1
    @(19.1600 mm, 149.0000 mm): PTH pad 3 [/Motor Valve/RLY1_NC] of J_RELAY1
[unconnected_items]: Missing connection between items
    Local override; error
    @(33.0000 mm, 149.0000 mm): PTH pad 1 [/Motor Valve/RLY2_COM] of J_RELAY2
    @(34.0000 mm, 128.1600 mm): PTH pad 2 [/Motor Valve/RLY2_COM] of K2
[unconnected_items]: Missing connection between items
    Local override; error
    @(34.0000 mm, 135.7800 mm): PTH pad 3 [/Motor Valve/RLY2_NO] of K2
    @(38.0800 mm, 149.0000 mm): PTH pad 2 [/Motor Valve/RLY2_NO] of J_RELAY2
[unconnected_items]: Missing connection between items
    Local override; error
    @(41.6200 mm, 133.2400 mm): PTH pad 4 [/Motor Valve/RLY2_NC] of K2
    @(43.1600 mm, 149.0000 mm): PTH pad 3 [/Motor Valve/RLY2_NC] of J_RELAY2
[unconnected_items]: Missing connection between items
    Local override; error
    @(177.0000 mm, 149.0000 mm): PTH pad 1 [/Motor Valve/RLY8_COM] of J_RELAY8
    @(178.0000 mm, 128.1600 mm): PTH pad 2 [/Motor Valve/RLY8_COM] of K8
[unconnected_items]: Missing connection between items
    Local override; error
    @(178.0000 mm, 135.7800 mm): PTH pad 3 [/Motor Valve/RLY8_NO] of K8
    @(182.0800 mm, 149.0000 mm): PTH pad 2 [/Motor Valve/RLY8_NO] of J_RELAY8
[unconnected_items]: Missing connection between items
    Local override; error
    @(185.6200 mm, 133.2400 mm): PTH pad 4 [/Motor Valve/RLY8_NC] of K8
    @(187.1600 mm, 149.0000 mm): PTH pad 3 [/Motor Valve/RLY8_NC] of J_RELAY8
[unconnected_items]: Missing connection between items
    Local override; error
    @(105.0000 mm, 149.0000 mm): PTH pad 1 [/Motor Valve/RLY5_COM] of J_RELAY5
    @(106.0000 mm, 128.1600 mm): PTH pad 2 [/Motor Valve/RLY5_COM] of K5
[unconnected_items]: Missing connection between items
    Local override; error
    @(106.0000 mm, 135.7800 mm): PTH pad 3 [/Motor Valve/RLY5_NO] of K5
    @(110.0800 mm, 149.0000 mm): PTH pad 2 [/Motor Valve/RLY5_NO] of J_RELAY5
[unconnected_items]: Missing connection between items
    Local override; error
    @(113.6200 mm, 133.2400 mm): PTH pad 4 [/Motor Valve/RLY5_NC] of K5
    @(115.1600 mm, 149.0000 mm): PTH pad 3 [/Motor Valve/RLY5_NC] of J_RELAY5
[unconnected_items]: Missing connection between items
    Local override; error
    @(129.0000 mm, 149.0000 mm): PTH pad 1 [/Motor Valve/RLY6_COM] of J_RELAY6
    @(130.0000 mm, 128.1600 mm): PTH pad 2 [/Motor Valve/RLY6_COM] of K6
[unconnected_items]: Missing connection between items
    Local override; error
    @(130.0000 mm, 135.7800 mm): PTH pad 3 [/Motor Valve/RLY6_NO] of K6
    @(134.0800 mm, 149.0000 mm): PTH pad 2 [/Motor Valve/RLY6_NO] of J_RELAY6
[unconnected_items]: Missing connection between items
    Local override; error
    @(137.6200 mm, 133.2400 mm): PTH pad 4 [/Motor Valve/RLY6_NC] of K6
    @(139.1600 mm, 149.0000 mm): PTH pad 3 [/Motor Valve/RLY6_NC] of J_RELAY6
[unconnected_items]: Missing connection between items
    Local override; error
    @(81.0000 mm, 149.0000 mm): PTH pad 1 [/Motor Valve/RLY4_COM] of J_RELAY4
    @(82.0000 mm, 128.1600 mm): PTH pad 2 [/Motor Valve/RLY4_COM] of K4
[unconnected_items]: Missing connection between items
    Local override; error
    @(82.0000 mm, 135.7800 mm): PTH pad 3 [/Motor Valve/RLY4_NO] of K4
    @(86.0800 mm, 149.0000 mm): PTH pad 2 [/Motor Valve/RLY4_NO] of J_RELAY4
[unconnected_items]: Missing connection between items
    Local override; error
    @(89.6200 mm, 133.2400 mm): PTH pad 4 [/Motor Valve/RLY4_NC] of K4
    @(91.1600 mm, 149.0000 mm): PTH pad 3 [/Motor Valve/RLY4_NC] of J_RELAY4
[unconnected_items]: Missing connection between items
    Local override; error
    @(153.0000 mm, 149.0000 mm): PTH pad 1 [/Motor Valve/RLY7_COM] of J_RELAY7
    @(154.0000 mm, 128.1600 mm): PTH pad 2 [/Motor Valve/RLY7_COM] of K7
[unconnected_items]: Missing connection between items
    Local override; error
    @(154.0000 mm, 135.7800 mm): PTH pad 3 [/Motor Valve/RLY7_NO] of K7
    @(158.0800 mm, 149.0000 mm): PTH pad 2 [/Motor Valve/RLY7_NO] of J_RELAY7
[unconnected_items]: Missing connection between items
    Local override; error
    @(161.6200 mm, 133.2400 mm): PTH pad 4 [/Motor Valve/RLY7_NC] of K7
    @(163.1600 mm, 149.0000 mm): PTH pad 3 [/Motor Valve/RLY7_NC] of J_RELAY7
[unconnected_items]: Missing connection between items
    Local override; error
    @(10.0000 mm, 118.0000 mm): PTH pad 1 [/Motor Valve/COIL_LOW1] of K1
    @(108.0800 mm, 107.6500 mm): Pad 18 [/Motor Valve/COIL_LOW1] of U_RELAY1 on F.Cu
[unconnected_items]: Missing connection between items
    Local override; error
    @(82.0000 mm, 118.0000 mm): PTH pad 1 [/Motor Valve/COIL_LOW4] of K4
    @(104.2700 mm, 107.6500 mm): Pad 15 [/Motor Valve/COIL_LOW4] of U_RELAY1 on F.Cu
[unconnected_items]: Missing connection between items
    Local override; error
    @(34.0000 mm, 118.0000 mm): PTH pad 1 [/Motor Valve/COIL_LOW2] of K2
    @(106.8100 mm, 107.6500 mm): Pad 17 [/Motor Valve/COIL_LOW2] of U_RELAY1 on F.Cu
[unconnected_items]: Missing connection between items
    Local override; error
    @(103.0000 mm, 107.6500 mm): Pad 14 [/Motor Valve/COIL_LOW5] of U_RELAY1 on F.Cu
    @(106.0000 mm, 118.0000 mm): PTH pad 1 [/Motor Valve/COIL_LOW5] of K5
[unconnected_items]: Missing connection between items
    Local override; error
    @(58.0000 mm, 118.0000 mm): PTH pad 1 [/Motor Valve/COIL_LOW3] of K3
    @(105.5400 mm, 107.6500 mm): Pad 16 [/Motor Valve/COIL_LOW3] of U_RELAY1 on F.Cu
[unconnected_items]: Missing connection between items
    Local override; error
    @(99.1900 mm, 107.6500 mm): Pad 11 [/Motor Valve/COIL_LOW8] of U_RELAY1 on F.Cu
    @(178.0000 mm, 118.0000 mm): PTH pad 1 [/Motor Valve/COIL_LOW8] of K8
[unconnected_items]: Missing connection between items
    Local override; error
    @(101.7300 mm, 107.6500 mm): Pad 13 [/Motor Valve/COIL_LOW6] of U_RELAY1 on F.Cu
    @(130.0000 mm, 118.0000 mm): PTH pad 1 [/Motor Valve/COIL_LOW6] of K6
[unconnected_items]: Missing connection between items
    Local override; error
    @(100.4600 mm, 107.6500 mm): Pad 12 [/Motor Valve/COIL_LOW7] of U_RELAY1 on F.Cu
    @(154.0000 mm, 118.0000 mm): PTH pad 1 [/Motor Valve/COIL_LOW7] of K7
[unconnected_items]: Missing connection between items
    Local override; error
    @(153.0625 mm, 105.0000 mm): Pad 1 [/Power/LED_3V3_K] of D_LED2 on F.Cu
    @(154.0000 mm, 101.9125 mm): Pad 1 [/Power/LED_3V3_K] of R_LED2 on F.Cu

** Found 0 Footprint errors **

** Ignored checks **
    - Footprint has no courtyard defined
    - Track endpoint not centered on via
    - Tuning profile track geometries
    - Footprint doesn't match symbol's footprint filters
    - Footprint component type doesn't match footprint pads

** End of Report **
